[     719ms] TypeError: Cannot read properties of null (reading 'onmessage')
    at https://echo.dawn-tunnel.dev/dashboard:4738:32
[     719ms] [ERROR] Loading the script 'https://static.cloudflareinsights.com/beacon.min.js/v8c78df7c7c0f484497ecbca7046644da1771523124516' violates the following Content Security Policy directive: "script-src 'self' 'unsafe-inline' cdn.jsdelivr.net". Note that 'script-src-elem' was not explicitly set, so 'script-src' is used as a fallback. The action has been blocked. @ https://echo.dawn-tunnel.dev/dashboard:0
[    7691ms] [ERROR] Failed to load resource: the server responded with a status of 503 () @ https://echo.dawn-tunnel.dev/whatsapp/qr:0
[   10690ms] [ERROR] Failed to load resource: the server responded with a status of 503 () @ https://echo.dawn-tunnel.dev/whatsapp/qr:0
[   13679ms] [ERROR] Failed to load resource: the server responded with a status of 503 () @ https://echo.dawn-tunnel.dev/whatsapp/qr:0
[   16689ms] [ERROR] Failed to load resource: the server responded with a status of 503 () @ https://echo.dawn-tunnel.dev/whatsapp/qr:0
[   19689ms] [ERROR] Failed to load resource: the server responded with a status of 503 () @ https://echo.dawn-tunnel.dev/whatsapp/qr:0
[   22712ms] [ERROR] Failed to load resource: the server responded with a status of 503 () @ https://echo.dawn-tunnel.dev/whatsapp/qr:0
[   25722ms] [ERROR] Failed to load resource: the server responded with a status of 503 () @ https://echo.dawn-tunnel.dev/whatsapp/qr:0
[   28691ms] [ERROR] Failed to load resource: the server responded with a status of 503 () @ https://echo.dawn-tunnel.dev/whatsapp/qr:0
[   31697ms] [ERROR] Failed to load resource: the server responded with a status of 503 () @ https://echo.dawn-tunnel.dev/whatsapp/qr:0
[   34711ms] [ERROR] Failed to load resource: the server responded with a status of 503 () @ https://echo.dawn-tunnel.dev/whatsapp/qr:0
[   37701ms] [ERROR] Failed to load resource: the server responded with a status of 503 () @ https://echo.dawn-tunnel.dev/whatsapp/qr:0
[   40697ms] [ERROR] Failed to load resource: the server responded with a status of 503 () @ https://echo.dawn-tunnel.dev/whatsapp/qr:0
[   43679ms] [ERROR] Failed to load resource: the server responded with a status of 503 () @ https://echo.dawn-tunnel.dev/whatsapp/qr:0
[   46689ms] [ERROR] Failed to load resource: the server responded with a status of 503 () @ https://echo.dawn-tunnel.dev/whatsapp/qr:0
[   49686ms] [ERROR] Failed to load resource: the server responded with a status of 503 () @ https://echo.dawn-tunnel.dev/whatsapp/qr:0
[   52689ms] [ERROR] Failed to load resource: the server responded with a status of 503 () @ https://echo.dawn-tunnel.dev/whatsapp/qr:0
[   55702ms] [ERROR] Failed to load resource: the server responded with a status of 503 () @ https://echo.dawn-tunnel.dev/whatsapp/qr:0
[   58674ms] [ERROR] Failed to load resource: the server responded with a status of 503 () @ https://echo.dawn-tunnel.dev/whatsapp/qr:0
[   61691ms] [ERROR] Failed to load resource: the server responded with a status of 503 () @ https://echo.dawn-tunnel.dev/whatsapp/qr:0
[   64712ms] [ERROR] Failed to load resource: the server responded with a status of 503 () @ https://echo.dawn-tunnel.dev/whatsapp/qr:0
[   67708ms] [ERROR] Failed to load resource: the server responded with a status of 503 () @ https://echo.dawn-tunnel.dev/whatsapp/qr:0
[   70699ms] [ERROR] Failed to load resource: the server responded with a status of 503 () @ https://echo.dawn-tunnel.dev/whatsapp/qr:0
[   73712ms] [ERROR] Failed to load resource: the server responded with a status of 503 () @ https://echo.dawn-tunnel.dev/whatsapp/qr:0
[   76698ms] [ERROR] Failed to load resource: the server responded with a status of 503 () @ https://echo.dawn-tunnel.dev/whatsapp/qr:0
[   79683ms] [ERROR] Failed to load resource: the server responded with a status of 503 () @ https://echo.dawn-tunnel.dev/whatsapp/qr:0
[   82695ms] [ERROR] Failed to load resource: the server responded with a status of 503 () @ https://echo.dawn-tunnel.dev/whatsapp/qr:0
[   85701ms] [ERROR] Failed to load resource: the server responded with a status of 503 () @ https://echo.dawn-tunnel.dev/whatsapp/qr:0
[   88691ms] [ERROR] Failed to load resource: the server responded with a status of 503 () @ https://echo.dawn-tunnel.dev/whatsapp/qr:0
[   91700ms] [ERROR] Failed to load resource: the server responded with a status of 503 () @ https://echo.dawn-tunnel.dev/whatsapp/qr:0
[   94700ms] [ERROR] Failed to load resource: the server responded with a status of 503 () @ https://echo.dawn-tunnel.dev/whatsapp/qr:0
[   97756ms] [ERROR] Failed to load resource: the server responded with a status of 503 () @ https://echo.dawn-tunnel.dev/whatsapp/qr:0
[  100701ms] [ERROR] Failed to load resource: the server responded with a status of 503 () @ https://echo.dawn-tunnel.dev/whatsapp/qr:0
[  103695ms] [ERROR] Failed to load resource: the server responded with a status of 503 () @ https://echo.dawn-tunnel.dev/whatsapp/qr:0
[  106693ms] [ERROR] Failed to load resource: the server responded with a status of 503 () @ https://echo.dawn-tunnel.dev/whatsapp/qr:0
[  109693ms] [ERROR] Failed to load resource: the server responded with a status of 503 () @ https://echo.dawn-tunnel.dev/whatsapp/qr:0
[  112701ms] [ERROR] Failed to load resource: the server responded with a status of 503 () @ https://echo.dawn-tunnel.dev/whatsapp/qr:0
[  115687ms] [ERROR] Failed to load resource: the server responded with a status of 503 () @ https://echo.dawn-tunnel.dev/whatsapp/qr:0
[  118694ms] [ERROR] Failed to load resource: the server responded with a status of 503 () @ https://echo.dawn-tunnel.dev/whatsapp/qr:0
[  121693ms] [ERROR] Failed to load resource: the server responded with a status of 503 () @ https://echo.dawn-tunnel.dev/whatsapp/qr:0
[  124703ms] [ERROR] Failed to load resource: the server responded with a status of 503 () @ https://echo.dawn-tunnel.dev/whatsapp/qr:0
[  127686ms] [ERROR] Failed to load resource: the server responded with a status of 503 () @ https://echo.dawn-tunnel.dev/whatsapp/qr:0
[  130713ms] [ERROR] Failed to load resource: the server responded with a status of 503 () @ https://echo.dawn-tunnel.dev/whatsapp/qr:0
[  133686ms] [ERROR] Failed to load resource: the server responded with a status of 503 () @ https://echo.dawn-tunnel.dev/whatsapp/qr:0
[  136687ms] [ERROR] Failed to load resource: the server responded with a status of 503 () @ https://echo.dawn-tunnel.dev/whatsapp/qr:0
[  139697ms] [ERROR] Failed to load resource: the server responded with a status of 503 () @ https://echo.dawn-tunnel.dev/whatsapp/qr:0
[  142685ms] [ERROR] Failed to load resource: the server responded with a status of 503 () @ https://echo.dawn-tunnel.dev/whatsapp/qr:0
[  145690ms] [ERROR] Failed to load resource: the server responded with a status of 503 () @ https://echo.dawn-tunnel.dev/whatsapp/qr:0
[  148697ms] [ERROR] Failed to load resource: the server responded with a status of 503 () @ https://echo.dawn-tunnel.dev/whatsapp/qr:0
[  151687ms] [ERROR] Failed to load resource: the server responded with a status of 503 () @ https://echo.dawn-tunnel.dev/whatsapp/qr:0
[  154704ms] [ERROR] Failed to load resource: the server responded with a status of 503 () @ https://echo.dawn-tunnel.dev/whatsapp/qr:0
[  158194ms] [ERROR] Failed to load resource: the server responded with a status of 503 () @ https://echo.dawn-tunnel.dev/whatsapp/qr:0
[  160689ms] [ERROR] Failed to load resource: the server responded with a status of 503 () @ https://echo.dawn-tunnel.dev/whatsapp/qr:0
[  163675ms] [ERROR] Failed to load resource: the server responded with a status of 503 () @ https://echo.dawn-tunnel.dev/whatsapp/qr:0
[  166735ms] [ERROR] Failed to load resource: the server responded with a status of 503 () @ https://echo.dawn-tunnel.dev/whatsapp/qr:0
[  169698ms] [ERROR] Failed to load resource: the server responded with a status of 503 () @ https://echo.dawn-tunnel.dev/whatsapp/qr:0
[  172688ms] [ERROR] Failed to load resource: the server responded with a status of 503 () @ https://echo.dawn-tunnel.dev/whatsapp/qr:0
[  175695ms] [ERROR] Failed to load resource: the server responded with a status of 503 () @ https://echo.dawn-tunnel.dev/whatsapp/qr:0
[  178862ms] [ERROR] Failed to load resource: the server responded with a status of 503 () @ https://echo.dawn-tunnel.dev/whatsapp/qr:0
[  181950ms] [ERROR] Failed to load resource: the server responded with a status of 503 () @ https://echo.dawn-tunnel.dev/whatsapp/qr:0
[  184708ms] [ERROR] Failed to load resource: the server responded with a status of 503 () @ https://echo.dawn-tunnel.dev/whatsapp/qr:0
[  187755ms] [ERROR] Failed to load resource: the server responded with a status of 503 () @ https://echo.dawn-tunnel.dev/whatsapp/qr:0
[  190717ms] [ERROR] Failed to load resource: the server responded with a status of 503 () @ https://echo.dawn-tunnel.dev/whatsapp/qr:0
