[    1610ms] [WARNING] Mar-27 22:48:36.794 TRACES You tried to get a team-specific tracer but didn’t provide enough context and are getting the generic tracer instead which is likely not what you want. @ https://a.slack-edge.com/bv1-13-br/modern.vendor.c742af1b2dcaf1441351.min.js:381
[    1611ms] [WARNING] Mar-27 22:48:36.795 TRACES You tried to get a team-specific tracer but didn’t provide enough context and are getting the generic tracer instead which is likely not what you want. @ https://a.slack-edge.com/bv1-13-br/modern.vendor.c742af1b2dcaf1441351.min.js:381
[    1627ms] [WARNING] Mar-27 22:48:36.811 TRACES You tried to get a team-specific tracer but didn’t provide enough context and are getting the generic tracer instead which is likely not what you want. @ https://a.slack-edge.com/bv1-13-br/modern.vendor.c742af1b2dcaf1441351.min.js:381
[    1627ms] [WARNING] Mar-27 22:48:36.812 TRACES You tried to get a team-specific tracer but didn’t provide enough context and are getting the generic tracer instead which is likely not what you want. @ https://a.slack-edge.com/bv1-13-br/modern.vendor.c742af1b2dcaf1441351.min.js:381
[    1634ms] [WARNING] Error in Optanon wrapper, please review your code. TypeError: Cannot read properties of undefined (reading 'analytics') @ https://cdn.cookielaw.org/scripttemplates/202402.1.0/otBannerSdk.js:6
[    1874ms] [WARNING] Mar-27 22:48:37.059 TRACES You tried to get a team-specific tracer but didn’t provide enough context and are getting the generic tracer instead which is likely not what you want. @ https://a.slack-edge.com/bv1-13-br/modern.vendor.c742af1b2dcaf1441351.min.js:381
[    1875ms] [WARNING] Mar-27 22:48:37.059 TRACES You tried to get a team-specific tracer but didn’t provide enough context and are getting the generic tracer instead which is likely not what you want. @ https://a.slack-edge.com/bv1-13-br/modern.vendor.c742af1b2dcaf1441351.min.js:381
[    1930ms] [WARNING] Mar-27 22:48:37.115 TRACES You tried to get a team-specific tracer but didn’t provide enough context and are getting the generic tracer instead which is likely not what you want. @ https://a.slack-edge.com/bv1-13-br/modern.vendor.c742af1b2dcaf1441351.min.js:381
[    1930ms] [WARNING] Mar-27 22:48:37.115 TRACES You tried to get a team-specific tracer but didn’t provide enough context and are getting the generic tracer instead which is likely not what you want. @ https://a.slack-edge.com/bv1-13-br/modern.vendor.c742af1b2dcaf1441351.min.js:381
[   34229ms] [ERROR] Access to XMLHttpRequest at 'https://slack.com/clog/track/' from origin 'https://echo-agent.slack.com' has been blocked by CORS policy: No 'Access-Control-Allow-Origin' header is present on the requested resource. @ https://echo-agent.slack.com/oauth?client_id=10825734867488.10825774014336&scope=app_mentions%3Aread%2Cchannels%3Ahistory%2Cchannels%3Aread%2Cchat%3Awrite%2Cfiles%3Aread%2Cgroups%3Ahistory%2Cim%3Ahistory%2Cim%3Aread%2Cim%3Awrite%2Cpins%3Awrite%2Creactions%3Aread%2Creactions%3Awrite%2Cusers%3Aread&user_scope=&redirect_uri=&state=&granular_bot_scope=1&single_channel=0&install_redirect=oauth&tracked=1&user_default=0&team=1:0
[   34229ms] [ERROR] Failed to load resource: net::ERR_FAILED @ https://slack.com/clog/track/:0
[   40603ms] [ERROR] Access to XMLHttpRequest at 'https://slack.com/clog/track/' from origin 'https://echo-agent.slack.com' has been blocked by CORS policy: No 'Access-Control-Allow-Origin' header is present on the requested resource. @ https://echo-agent.slack.com/oauth?client_id=10825734867488.10825774014336&scope=app_mentions%3Aread%2Cchannels%3Ahistory%2Cchannels%3Aread%2Cchat%3Awrite%2Cfiles%3Aread%2Cgroups%3Ahistory%2Cim%3Ahistory%2Cim%3Aread%2Cim%3Awrite%2Cpins%3Awrite%2Creactions%3Aread%2Creactions%3Awrite%2Cusers%3Aread&user_scope=&redirect_uri=&state=&granular_bot_scope=1&single_channel=0&install_redirect=oauth&tracked=1&user_default=0&team=1:0
[   40603ms] [ERROR] Failed to load resource: net::ERR_FAILED @ https://slack.com/clog/track/:0
[   69850ms] [WARNING] Mar-27 22:49:45.035 Couldn't complete metrics measurement for start mark 'session_lifespan' @ https://a.slack-edge.com/bv1-13-br/gantry-v2-shared.2840c016bbd46816b0bc.min.js?cacheKey=gantry-1774666060:0
[   69850ms] [WARNING] Mar-27 22:49:45.035 Couldn't complete metrics measurement for start mark 'session_lifespan' @ https://a.slack-edge.com/bv1-13-br/gantry-v2-shared.2840c016bbd46816b0bc.min.js?cacheKey=gantry-1774666060:0
[   70856ms] [WARNING] Error in Optanon wrapper, please review your code. TypeError: Cannot read properties of undefined (reading 'analytics') @ https://cdn.cookielaw.org/scripttemplates/202402.1.0/otBannerSdk.js:6
[   70875ms] [WARNING] Mar-27 22:49:46.059 Couldn't complete metrics measurement for start mark 'navigationStart' @ https://a.slack-edge.com/bv1-13-br/modern.vendor.2866943b97694cf4c08a.min.js:381
[   70898ms] [WARNING] Mar-27 22:49:46.082 TRACES You tried to get a team-specific tracer but didn’t provide enough context and are getting the generic tracer instead which is likely not what you want. @ https://a.slack-edge.com/bv1-13-br/modern.vendor.2866943b97694cf4c08a.min.js:381
[   70898ms] [WARNING] Mar-27 22:49:46.083 TRACES You tried to get a team-specific tracer but didn’t provide enough context and are getting the generic tracer instead which is likely not what you want. @ https://a.slack-edge.com/bv1-13-br/modern.vendor.2866943b97694cf4c08a.min.js:381
[   70901ms] [WARNING] Mar-27 22:49:46.085 TRACES You tried to get a team-specific tracer but didn’t provide enough context and are getting the generic tracer instead which is likely not what you want. @ https://a.slack-edge.com/bv1-13-br/modern.vendor.2866943b97694cf4c08a.min.js:381
[   70901ms] [WARNING] Mar-27 22:49:46.085 TRACES You tried to get a team-specific tracer but didn’t provide enough context and are getting the generic tracer instead which is likely not what you want. @ https://a.slack-edge.com/bv1-13-br/modern.vendor.2866943b97694cf4c08a.min.js:381
[   70902ms] [WARNING] Mar-27 22:49:46.086 TRACES You tried to get a team-specific tracer but didn’t provide enough context and are getting the generic tracer instead which is likely not what you want. @ https://a.slack-edge.com/bv1-13-br/modern.vendor.2866943b97694cf4c08a.min.js:381
[   70902ms] [WARNING] Mar-27 22:49:46.086 TRACES You tried to get a team-specific tracer but didn’t provide enough context and are getting the generic tracer instead which is likely not what you want. @ https://a.slack-edge.com/bv1-13-br/modern.vendor.2866943b97694cf4c08a.min.js:381
[   71206ms] [WARNING] Mar-27 22:49:46.391 TRACES You tried to get a team-specific tracer but didn’t provide enough context and are getting the generic tracer instead which is likely not what you want. @ https://a.slack-edge.com/bv1-13-br/modern.vendor.2866943b97694cf4c08a.min.js:381
[   71207ms] [WARNING] Mar-27 22:49:46.391 TRACES You tried to get a team-specific tracer but didn’t provide enough context and are getting the generic tracer instead which is likely not what you want. @ https://a.slack-edge.com/bv1-13-br/modern.vendor.2866943b97694cf4c08a.min.js:381
[   77410ms] [WARNING] Mar-27 22:49:52.594 (T0AQ9MLRHEC) [PORTABLE-REACT-MODAL] Unable to find undefined @ https://a.slack-edge.com/bv1-13-br/modern.vendor.2866943b97694cf4c08a.min.js:381
[   77410ms] [ERROR] Warning: react-modal: App element is not defined. Please use `Modal.setAppElement(el)` or set `appElement={el}`. This is needed so screen readers don't see main content when modal is opened. It is not recommended, but you can opt-out by setting `ariaHideApp={false}`. @ https://a.slack-edge.com/bv1-13-br/modern.vendor.2866943b97694cf4c08a.min.js:245
[  101421ms] [ERROR] Access to XMLHttpRequest at 'https://slack.com/clog/track/' from origin 'https://api.slack.com' has been blocked by CORS policy: No 'Access-Control-Allow-Origin' header is present on the requested resource. @ https://api.slack.com/apps/A0AQ9NS0E9W/general:0
[  101421ms] [ERROR] Failed to load resource: net::ERR_FAILED @ https://slack.com/clog/track/:0
[  120254ms] [WARNING] Mar-27 22:50:35.438 TRACES You tried to get a team-specific tracer but didn’t provide enough context and are getting the generic tracer instead which is likely not what you want. @ https://a.slack-edge.com/bv1-13-br/modern.vendor.2866943b97694cf4c08a.min.js:381
[  120254ms] [WARNING] Mar-27 22:50:35.439 TRACES You tried to get a team-specific tracer but didn’t provide enough context and are getting the generic tracer instead which is likely not what you want. @ https://a.slack-edge.com/bv1-13-br/modern.vendor.2866943b97694cf4c08a.min.js:381
[  120257ms] [ERROR] Warning: react-modal: App element is not defined. Please use `Modal.setAppElement(el)` or set `appElement={el}`. This is needed so screen readers don't see main content when modal is opened. It is not recommended, but you can opt-out by setting `ariaHideApp={false}`. @ https://a.slack-edge.com/bv1-13-br/modern.vendor.2866943b97694cf4c08a.min.js:245
[  120396ms] [ERROR] Warning: react-modal: App element is not defined. Please use `Modal.setAppElement(el)` or set `appElement={el}`. This is needed so screen readers don't see main content when modal is opened. It is not recommended, but you can opt-out by setting `ariaHideApp={false}`. @ https://a.slack-edge.com/bv1-13-br/modern.vendor.2866943b97694cf4c08a.min.js:245
[  120397ms] [WARNING] Mar-27 22:50:35.581 TRACES You tried to get a team-specific tracer but didn’t provide enough context and are getting the generic tracer instead which is likely not what you want. @ https://a.slack-edge.com/bv1-13-br/modern.vendor.2866943b97694cf4c08a.min.js:381
[  120397ms] [WARNING] Mar-27 22:50:35.581 TRACES You tried to get a team-specific tracer but didn’t provide enough context and are getting the generic tracer instead which is likely not what you want. @ https://a.slack-edge.com/bv1-13-br/modern.vendor.2866943b97694cf4c08a.min.js:381
[  131232ms] [ERROR] Attestation check for Attribution Reporting on https://www.facebook.com failed. @ https://api.slack.com/apps/A0AQ9NS0E9W/general:0
[  135776ms] [ERROR] Warning: react-modal: App element is not defined. Please use `Modal.setAppElement(el)` or set `appElement={el}`. This is needed so screen readers don't see main content when modal is opened. It is not recommended, but you can opt-out by setting `ariaHideApp={false}`. @ https://a.slack-edge.com/bv1-13-br/modern.vendor.2866943b97694cf4c08a.min.js:245
[  135866ms] [ERROR] Attestation check for Attribution Reporting on https://www.facebook.com failed. @ https://api.slack.com/apps/A0AQ9NS0E9W/general:0
