[    1653ms] [WARNING] Mar-27 22:32:03.290 (T00000000) Clogger context could not be determined, using empty context @ https://a.slack-edge.com/bv1-13-br/modern.vendor.2866943b97694cf4c08a.min.js:381
[    1661ms] [WARNING] Error in Optanon wrapper, please review your code. TypeError: Cannot read properties of undefined (reading 'analytics') @ https://cdn.cookielaw.org/scripttemplates/202402.1.0/otBannerSdk.js:6
[    1663ms] [WARNING] Mar-27 22:32:03.306 TELEMETRY You tried to get a team-specific telemeter but didn’t provide enough context and are getting the generic telemeter instead which is likely not what you want. @ https://a.slack-edge.com/bv1-13-br/modern.vendor.2866943b97694cf4c08a.min.js:381
[    1845ms] [ERROR] Mar-27 22:32:03.488 Cannot mount app manifest coachmark @ https://a.slack-edge.com/bv1-13-br/modern.vendor.2866943b97694cf4c08a.min.js:381
[    1845ms] [ERROR] Mar-27 22:32:03.488 Cannot mount ai apps coachmark @ https://a.slack-edge.com/bv1-13-br/modern.vendor.2866943b97694cf4c08a.min.js:381
[    1848ms] [WARNING] Mar-27 22:32:03.491 TELEMETRY You tried to get a team-specific telemeter but didn’t provide enough context and are getting the generic telemeter instead which is likely not what you want. @ https://a.slack-edge.com/bv1-13-br/modern.vendor.2866943b97694cf4c08a.min.js:381
[    1849ms] [WARNING] Mar-27 22:32:03.492 TELEMETRY You tried to get a team-specific telemeter but didn’t provide enough context and are getting the generic telemeter instead which is likely not what you want. @ https://a.slack-edge.com/bv1-13-br/modern.vendor.2866943b97694cf4c08a.min.js:381
[    2114ms] [ERROR] Access to XMLHttpRequest at 'https://ibc-flow.techtarget.com/a/gif.gif?actTypeId=31&cid=17821466&r=1774675923446&ref=https%3A%2F%2Fapi.slack.com%2Fapps&version=2.4' from origin 'https://api.slack.com' has been blocked by CORS policy: No 'Access-Control-Allow-Origin' header is present on the requested resource. @ https://api.slack.com/apps:0
[    2114ms] [ERROR] Failed to load resource: net::ERR_FAILED @ https://ibc-flow.techtarget.com/a/gif.gif?actTypeId=31&cid=17821466&r=1774675923446&ref=https%3A%2F%2Fapi.slack.com%2Fapps&version=2.4:0
[    7005ms] [WARNING] Mar-27 22:32:08.649 TELEMETRY You tried to get a team-specific telemeter but didn’t provide enough context and are getting the generic telemeter instead which is likely not what you want. @ https://a.slack-edge.com/bv1-13-br/modern.vendor.2866943b97694cf4c08a.min.js:381
[    7009ms] [WARNING] Mar-27 22:32:08.652 (T00000000) [PORTABLE-REACT-MODAL] Unable to find undefined @ https://a.slack-edge.com/bv1-13-br/modern.vendor.2866943b97694cf4c08a.min.js:381
[    7009ms] [ERROR] Warning: react-modal: App element is not defined. Please use `Modal.setAppElement(el)` or set `appElement={el}`. This is needed so screen readers don't see main content when modal is opened. It is not recommended, but you can opt-out by setting `ariaHideApp={false}`. @ https://a.slack-edge.com/bv1-13-br/modern.vendor.2866943b97694cf4c08a.min.js:245
[    7020ms] [WARNING] Mar-27 22:32:08.663 TELEMETRY You tried to get a team-specific telemeter but didn’t provide enough context and are getting the generic telemeter instead which is likely not what you want. @ https://a.slack-edge.com/bv1-13-br/modern.vendor.2866943b97694cf4c08a.min.js:381
[    7020ms] [ERROR] Mar-27 22:32:08.664 LEGACY-API-TOKEN (T00000000) Falling back to TS.model.api_token on https://api.slack.com/apps @ https://a.slack-edge.com/bv1-13-br/modern.vendor.2866943b97694cf4c08a.min.js:381
[    7021ms] [WARNING] Mar-27 22:32:08.664 TRACES You tried to get a team-specific tracer but didn’t provide enough context and are getting the generic tracer instead which is likely not what you want. @ https://a.slack-edge.com/bv1-13-br/modern.vendor.2866943b97694cf4c08a.min.js:381
[    7021ms] [WARNING] Mar-27 22:32:08.665 TRACES You tried to get a team-specific tracer but didn’t provide enough context and are getting the generic tracer instead which is likely not what you want. @ https://a.slack-edge.com/bv1-13-br/modern.vendor.2866943b97694cf4c08a.min.js:381
[    7211ms] [WARNING] Mar-27 22:32:08.855 TRACES You tried to get a team-specific tracer but didn’t provide enough context and are getting the generic tracer instead which is likely not what you want. @ https://a.slack-edge.com/bv1-13-br/modern.vendor.2866943b97694cf4c08a.min.js:381
[    7212ms] [WARNING] Mar-27 22:32:08.855 UFM-teams (T00000000) UnknownFetchManager requested 1 objects but received 0. Missing objects: T00000000 @ https://a.slack-edge.com/bv1-13-br/modern.vendor.2866943b97694cf4c08a.min.js:381
[   40679ms] [ERROR] Access to XMLHttpRequest at 'https://slack.com/clog/track/' from origin 'https://api.slack.com' has been blocked by CORS policy: No 'Access-Control-Allow-Origin' header is present on the requested resource. @ https://api.slack.com/apps:0
[   40679ms] [ERROR] Failed to load resource: net::ERR_FAILED @ https://slack.com/clog/track/:0
[   55205ms] [WARNING] Mar-27 22:32:56.847 TRACES You tried to get a team-specific tracer but didn’t provide enough context and are getting the generic tracer instead which is likely not what you want. @ https://a.slack-edge.com/bv1-13-br/modern.vendor.2866943b97694cf4c08a.min.js:381
[   55205ms] [WARNING] Mar-27 22:32:56.849 TRACES You tried to get a team-specific tracer but didn’t provide enough context and are getting the generic tracer instead which is likely not what you want. @ https://a.slack-edge.com/bv1-13-br/modern.vendor.2866943b97694cf4c08a.min.js:381
[   62199ms] [ERROR] Attestation check for Attribution Reporting on https://www.facebook.com failed. @ https://api.slack.com/apps:0
[   74862ms] [WARNING] Mar-27 22:33:16.504 TRACES You tried to get a team-specific tracer but didn’t provide enough context and are getting the generic tracer instead which is likely not what you want. @ https://a.slack-edge.com/bv1-13-br/modern.vendor.2866943b97694cf4c08a.min.js:381
[   74864ms] [WARNING] Mar-27 22:33:16.507 TRACES You tried to get a team-specific tracer but didn’t provide enough context and are getting the generic tracer instead which is likely not what you want. @ https://a.slack-edge.com/bv1-13-br/modern.vendor.2866943b97694cf4c08a.min.js:381
[   75081ms] [WARNING] Mar-27 22:33:16.725 TRACES You tried to get a team-specific tracer but didn’t provide enough context and are getting the generic tracer instead which is likely not what you want. @ https://a.slack-edge.com/bv1-13-br/modern.vendor.2866943b97694cf4c08a.min.js:381
[   75084ms] [ERROR] Mar-27 22:33:16.727 (T00000000) API call to apps.manifest.validate
						with reason validate_app_manifest failed, initiated by generated fetcher @ https://a.slack-edge.com/bv1-13-br/modern.vendor.2866943b97694cf4c08a.min.js:381
[  385188ms] [WARNING] Mar-27 22:38:26.832 TRACES You tried to get a team-specific tracer but didn’t provide enough context and are getting the generic tracer instead which is likely not what you want. @ https://a.slack-edge.com/bv1-13-br/modern.vendor.2866943b97694cf4c08a.min.js:381
[  385189ms] [WARNING] Mar-27 22:38:26.832 TRACES You tried to get a team-specific tracer but didn’t provide enough context and are getting the generic tracer instead which is likely not what you want. @ https://a.slack-edge.com/bv1-13-br/modern.vendor.2866943b97694cf4c08a.min.js:381
[  385534ms] [WARNING] Mar-27 22:38:27.178 TRACES You tried to get a team-specific tracer but didn’t provide enough context and are getting the generic tracer instead which is likely not what you want. @ https://a.slack-edge.com/bv1-13-br/modern.vendor.2866943b97694cf4c08a.min.js:381
[  385535ms] [ERROR] Mar-27 22:38:27.179 (T00000000) API call to apps.manifest.validate
						with reason validate_app_manifest failed, initiated by generated fetcher @ https://a.slack-edge.com/bv1-13-br/modern.vendor.2866943b97694cf4c08a.min.js:381
[  421160ms] [ERROR] Warning: react-modal: App element is not defined. Please use `Modal.setAppElement(el)` or set `appElement={el}`. This is needed so screen readers don't see main content when modal is opened. It is not recommended, but you can opt-out by setting `ariaHideApp={false}`. @ https://a.slack-edge.com/bv1-13-br/modern.vendor.2866943b97694cf4c08a.min.js:245
[  421339ms] [ERROR] Attestation check for Attribution Reporting on https://www.facebook.com failed. @ https://api.slack.com/apps:0
[  434906ms] [WARNING] Mar-27 22:39:16.549 TELEMETRY You tried to get a team-specific telemeter but didn’t provide enough context and are getting the generic telemeter instead which is likely not what you want. @ https://a.slack-edge.com/bv1-13-br/modern.vendor.2866943b97694cf4c08a.min.js:381
[  434907ms] [ERROR] Warning: react-modal: App element is not defined. Please use `Modal.setAppElement(el)` or set `appElement={el}`. This is needed so screen readers don't see main content when modal is opened. It is not recommended, but you can opt-out by setting `ariaHideApp={false}`. @ https://a.slack-edge.com/bv1-13-br/modern.vendor.2866943b97694cf4c08a.min.js:245
[  434993ms] [ERROR] Attestation check for Attribution Reporting on https://www.facebook.com failed. @ https://api.slack.com/apps:0
[  458608ms] [ERROR] Attestation check for Attribution Reporting on https://www.facebook.com failed. @ https://api.slack.com/apps:0
[  480308ms] [ERROR] Attestation check for Attribution Reporting on https://www.facebook.com failed. @ https://api.slack.com/apps:0
[  480626ms] [WARNING] Mar-27 22:40:02.270 TRACES You tried to get a team-specific tracer but didn’t provide enough context and are getting the generic tracer instead which is likely not what you want. @ https://a.slack-edge.com/bv1-13-br/modern.vendor.2866943b97694cf4c08a.min.js:381
[  480627ms] [WARNING] Mar-27 22:40:02.271 TRACES You tried to get a team-specific tracer but didn’t provide enough context and are getting the generic tracer instead which is likely not what you want. @ https://a.slack-edge.com/bv1-13-br/modern.vendor.2866943b97694cf4c08a.min.js:381
[  526568ms] [WARNING] Mar-27 22:40:48.211 TRACES You tried to get a team-specific tracer but didn’t provide enough context and are getting the generic tracer instead which is likely not what you want. @ https://a.slack-edge.com/bv1-13-br/modern.vendor.2866943b97694cf4c08a.min.js:381
[  526568ms] [WARNING] Mar-27 22:40:48.212 TRACES You tried to get a team-specific tracer but didn’t provide enough context and are getting the generic tracer instead which is likely not what you want. @ https://a.slack-edge.com/bv1-13-br/modern.vendor.2866943b97694cf4c08a.min.js:381
[  526864ms] [WARNING] Mar-27 22:40:48.508 TRACES You tried to get a team-specific tracer but didn’t provide enough context and are getting the generic tracer instead which is likely not what you want. @ https://a.slack-edge.com/bv1-13-br/modern.vendor.2866943b97694cf4c08a.min.js:381
[  526865ms] [ERROR] Mar-27 22:40:48.508 (T00000000) API call to apps.manifest.validate
						with reason validate_app_manifest failed, initiated by generated fetcher @ https://a.slack-edge.com/bv1-13-br/modern.vendor.2866943b97694cf4c08a.min.js:381
[  603869ms] [WARNING] Mar-27 22:42:05.513 TRACES You tried to get a team-specific tracer but didn’t provide enough context and are getting the generic tracer instead which is likely not what you want. @ https://a.slack-edge.com/bv1-13-br/modern.vendor.2866943b97694cf4c08a.min.js:381
[  603870ms] [WARNING] Mar-27 22:42:05.513 TRACES You tried to get a team-specific tracer but didn’t provide enough context and are getting the generic tracer instead which is likely not what you want. @ https://a.slack-edge.com/bv1-13-br/modern.vendor.2866943b97694cf4c08a.min.js:381
[  604122ms] [WARNING] Mar-27 22:42:05.766 TRACES You tried to get a team-specific tracer but didn’t provide enough context and are getting the generic tracer instead which is likely not what you want. @ https://a.slack-edge.com/bv1-13-br/modern.vendor.2866943b97694cf4c08a.min.js:381
[  604123ms] [ERROR] Mar-27 22:42:05.766 (T00000000) API call to apps.manifest.validate
						with reason validate_app_manifest failed, initiated by generated fetcher @ https://a.slack-edge.com/bv1-13-br/modern.vendor.2866943b97694cf4c08a.min.js:381
[  632664ms] [ERROR] Attestation check for Attribution Reporting on https://www.facebook.com failed. @ https://api.slack.com/apps:0
[  644688ms] [ERROR] Attestation check for Attribution Reporting on https://www.facebook.com failed. @ https://api.slack.com/apps:0
[  645010ms] [WARNING] Mar-27 22:42:46.653 TRACES You tried to get a team-specific tracer but didn’t provide enough context and are getting the generic tracer instead which is likely not what you want. @ https://a.slack-edge.com/bv1-13-br/modern.vendor.2866943b97694cf4c08a.min.js:381
[  645010ms] [WARNING] Mar-27 22:42:46.654 TRACES You tried to get a team-specific tracer but didn’t provide enough context and are getting the generic tracer instead which is likely not what you want. @ https://a.slack-edge.com/bv1-13-br/modern.vendor.2866943b97694cf4c08a.min.js:381
[  665123ms] [WARNING] Mar-27 22:43:06.766 TRACES You tried to get a team-specific tracer but didn’t provide enough context and are getting the generic tracer instead which is likely not what you want. @ https://a.slack-edge.com/bv1-13-br/modern.vendor.2866943b97694cf4c08a.min.js:381
[  665123ms] [WARNING] Mar-27 22:43:06.767 TRACES You tried to get a team-specific tracer but didn’t provide enough context and are getting the generic tracer instead which is likely not what you want. @ https://a.slack-edge.com/bv1-13-br/modern.vendor.2866943b97694cf4c08a.min.js:381
[  665328ms] [WARNING] Mar-27 22:43:06.971 TRACES You tried to get a team-specific tracer but didn’t provide enough context and are getting the generic tracer instead which is likely not what you want. @ https://a.slack-edge.com/bv1-13-br/modern.vendor.2866943b97694cf4c08a.min.js:381
[  665328ms] [ERROR] Mar-27 22:43:06.972 (T00000000) API call to apps.manifest.validate
						with reason validate_app_manifest failed, initiated by generated fetcher @ https://a.slack-edge.com/bv1-13-br/modern.vendor.2866943b97694cf4c08a.min.js:381
[  694789ms] [WARNING] Mar-27 22:43:36.432 TRACES You tried to get a team-specific tracer but didn’t provide enough context and are getting the generic tracer instead which is likely not what you want. @ https://a.slack-edge.com/bv1-13-br/modern.vendor.2866943b97694cf4c08a.min.js:381
[  694789ms] [WARNING] Mar-27 22:43:36.433 TRACES You tried to get a team-specific tracer but didn’t provide enough context and are getting the generic tracer instead which is likely not what you want. @ https://a.slack-edge.com/bv1-13-br/modern.vendor.2866943b97694cf4c08a.min.js:381
[  695106ms] [WARNING] Mar-27 22:43:36.749 TRACES You tried to get a team-specific tracer but didn’t provide enough context and are getting the generic tracer instead which is likely not what you want. @ https://a.slack-edge.com/bv1-13-br/modern.vendor.2866943b97694cf4c08a.min.js:381
[  695106ms] [ERROR] Mar-27 22:43:36.750 (T00000000) API call to apps.manifest.validate
						with reason validate_app_manifest failed, initiated by generated fetcher @ https://a.slack-edge.com/bv1-13-br/modern.vendor.2866943b97694cf4c08a.min.js:381
[  733510ms] [ERROR] Warning: react-modal: App element is not defined. Please use `Modal.setAppElement(el)` or set `appElement={el}`. This is needed so screen readers don't see main content when modal is opened. It is not recommended, but you can opt-out by setting `ariaHideApp={false}`. @ https://a.slack-edge.com/bv1-13-br/modern.vendor.2866943b97694cf4c08a.min.js:245
[  733656ms] [ERROR] Attestation check for Attribution Reporting on https://www.facebook.com failed. @ https://api.slack.com/apps:0
[  746043ms] [WARNING] Mar-27 22:44:27.686 TELEMETRY You tried to get a team-specific telemeter but didn’t provide enough context and are getting the generic telemeter instead which is likely not what you want. @ https://a.slack-edge.com/bv1-13-br/modern.vendor.2866943b97694cf4c08a.min.js:381
[  746044ms] [ERROR] Warning: react-modal: App element is not defined. Please use `Modal.setAppElement(el)` or set `appElement={el}`. This is needed so screen readers don't see main content when modal is opened. It is not recommended, but you can opt-out by setting `ariaHideApp={false}`. @ https://a.slack-edge.com/bv1-13-br/modern.vendor.2866943b97694cf4c08a.min.js:245
[  746154ms] [ERROR] Attestation check for Attribution Reporting on https://www.facebook.com failed. @ https://api.slack.com/apps:0
[  769135ms] [ERROR] Attestation check for Attribution Reporting on https://www.facebook.com failed. @ https://api.slack.com/apps:0
[  792169ms] [ERROR] Attestation check for Attribution Reporting on https://www.facebook.com failed. @ https://api.slack.com/apps:0
[  792497ms] [WARNING] Mar-27 22:45:14.140 TRACES You tried to get a team-specific tracer but didn’t provide enough context and are getting the generic tracer instead which is likely not what you want. @ https://a.slack-edge.com/bv1-13-br/modern.vendor.2866943b97694cf4c08a.min.js:381
[  792498ms] [WARNING] Mar-27 22:45:14.141 TRACES You tried to get a team-specific tracer but didn’t provide enough context and are getting the generic tracer instead which is likely not what you want. @ https://a.slack-edge.com/bv1-13-br/modern.vendor.2866943b97694cf4c08a.min.js:381
[  812280ms] [WARNING] Mar-27 22:45:33.923 TRACES You tried to get a team-specific tracer but didn’t provide enough context and are getting the generic tracer instead which is likely not what you want. @ https://a.slack-edge.com/bv1-13-br/modern.vendor.2866943b97694cf4c08a.min.js:381
[  812280ms] [WARNING] Mar-27 22:45:33.924 TRACES You tried to get a team-specific tracer but didn’t provide enough context and are getting the generic tracer instead which is likely not what you want. @ https://a.slack-edge.com/bv1-13-br/modern.vendor.2866943b97694cf4c08a.min.js:381
[  812520ms] [WARNING] Mar-27 22:45:34.163 TRACES You tried to get a team-specific tracer but didn’t provide enough context and are getting the generic tracer instead which is likely not what you want. @ https://a.slack-edge.com/bv1-13-br/modern.vendor.2866943b97694cf4c08a.min.js:381
[  812521ms] [ERROR] Mar-27 22:45:34.164 (T00000000) API call to apps.manifest.validate
						with reason validate_app_manifest failed, initiated by generated fetcher @ https://a.slack-edge.com/bv1-13-br/modern.vendor.2866943b97694cf4c08a.min.js:381
[  870171ms] [WARNING] Mar-27 22:46:31.814 TRACES You tried to get a team-specific tracer but didn’t provide enough context and are getting the generic tracer instead which is likely not what you want. @ https://a.slack-edge.com/bv1-13-br/modern.vendor.2866943b97694cf4c08a.min.js:381
[  870171ms] [WARNING] Mar-27 22:46:31.815 TRACES You tried to get a team-specific tracer but didn’t provide enough context and are getting the generic tracer instead which is likely not what you want. @ https://a.slack-edge.com/bv1-13-br/modern.vendor.2866943b97694cf4c08a.min.js:381
[  896248ms] [ERROR] Attestation check for Attribution Reporting on https://www.facebook.com failed. @ https://api.slack.com/apps:0
[  908421ms] [WARNING] Mar-27 22:47:10.064 TRACES You tried to get a team-specific tracer but didn’t provide enough context and are getting the generic tracer instead which is likely not what you want. @ https://a.slack-edge.com/bv1-13-br/modern.vendor.2866943b97694cf4c08a.min.js:381
[  908421ms] [WARNING] Mar-27 22:47:10.064 TRACES You tried to get a team-specific tracer but didn’t provide enough context and are getting the generic tracer instead which is likely not what you want. @ https://a.slack-edge.com/bv1-13-br/modern.vendor.2866943b97694cf4c08a.min.js:381
[  908525ms] [ERROR] Attestation check for Attribution Reporting on https://www.facebook.com failed. @ https://api.slack.com/apps:0
[  909924ms] [WARNING] Error in Optanon wrapper, please review your code. TypeError: Cannot read properties of undefined (reading 'analytics') @ https://cdn.cookielaw.org/scripttemplates/202402.1.0/otBannerSdk.js:6
[  910185ms] [WARNING] Mar-27 22:47:11.828 Couldn't complete metrics measurement for start mark 'navigationStart' @ https://a.slack-edge.com/bv1-13-br/modern.vendor.2866943b97694cf4c08a.min.js:381
[  910213ms] [WARNING] Mar-27 22:47:11.856 TRACES You tried to get a team-specific tracer but didn’t provide enough context and are getting the generic tracer instead which is likely not what you want. @ https://a.slack-edge.com/bv1-13-br/modern.vendor.2866943b97694cf4c08a.min.js:381
[  910213ms] [WARNING] Mar-27 22:47:11.857 TRACES You tried to get a team-specific tracer but didn’t provide enough context and are getting the generic tracer instead which is likely not what you want. @ https://a.slack-edge.com/bv1-13-br/modern.vendor.2866943b97694cf4c08a.min.js:381
[  910214ms] [WARNING] Mar-27 22:47:11.858 TRACES You tried to get a team-specific tracer but didn’t provide enough context and are getting the generic tracer instead which is likely not what you want. @ https://a.slack-edge.com/bv1-13-br/modern.vendor.2866943b97694cf4c08a.min.js:381
[  910214ms] [WARNING] Mar-27 22:47:11.858 TRACES You tried to get a team-specific tracer but didn’t provide enough context and are getting the generic tracer instead which is likely not what you want. @ https://a.slack-edge.com/bv1-13-br/modern.vendor.2866943b97694cf4c08a.min.js:381
[  910215ms] [WARNING] Mar-27 22:47:11.859 TRACES You tried to get a team-specific tracer but didn’t provide enough context and are getting the generic tracer instead which is likely not what you want. @ https://a.slack-edge.com/bv1-13-br/modern.vendor.2866943b97694cf4c08a.min.js:381
[  910215ms] [WARNING] Mar-27 22:47:11.859 TRACES You tried to get a team-specific tracer but didn’t provide enough context and are getting the generic tracer instead which is likely not what you want. @ https://a.slack-edge.com/bv1-13-br/modern.vendor.2866943b97694cf4c08a.min.js:381
[  910222ms] [WARNING] Mar-27 22:47:11.865 (T0AQ9MLRHEC) [PORTABLE-REACT-MODAL] Unable to find undefined @ https://a.slack-edge.com/bv1-13-br/modern.vendor.2866943b97694cf4c08a.min.js:381
[  910432ms] [WARNING] Mar-27 22:47:12.075 TRACES You tried to get a team-specific tracer but didn’t provide enough context and are getting the generic tracer instead which is likely not what you want. @ https://a.slack-edge.com/bv1-13-br/modern.vendor.2866943b97694cf4c08a.min.js:381
[  910432ms] [WARNING] Mar-27 22:47:12.076 TRACES You tried to get a team-specific tracer but didn’t provide enough context and are getting the generic tracer instead which is likely not what you want. @ https://a.slack-edge.com/bv1-13-br/modern.vendor.2866943b97694cf4c08a.min.js:381
[  910582ms] [ERROR] Access to XMLHttpRequest at 'https://ibc-flow.techtarget.com/a/gif.gif?actTypeId=31&cid=17821466&r=1774676831883&ref=https%3A%2F%2Fapi.slack.com%2Fapps%2FA0AQ9NS0E9W%3Fcreated%3D1&version=2.4' from origin 'https://api.slack.com' has been blocked by CORS policy: No 'Access-Control-Allow-Origin' header is present on the requested resource. @ https://api.slack.com/apps/A0AQ9NS0E9W?created=1:0
[  910582ms] [ERROR] Failed to load resource: net::ERR_FAILED @ https://ibc-flow.techtarget.com/a/gif.gif?actTypeId=31&cid=17821466&r=1774676831883&ref=https%3A%2F%2Fapi.slack.com%2Fapps%2FA0AQ9NS0E9W%3Fcreated%3D1&version=2.4:0
[  918353ms] [WARNING] Mar-27 22:47:19.996 TRACES You tried to get a team-specific tracer but didn’t provide enough context and are getting the generic tracer instead which is likely not what you want. @ https://a.slack-edge.com/bv1-13-br/modern.vendor.2866943b97694cf4c08a.min.js:381
[  918353ms] [WARNING] Mar-27 22:47:19.996 TRACES You tried to get a team-specific tracer but didn’t provide enough context and are getting the generic tracer instead which is likely not what you want. @ https://a.slack-edge.com/bv1-13-br/modern.vendor.2866943b97694cf4c08a.min.js:381
[  930667ms] [WARNING] Mar-27 22:47:32.311 TRACES You tried to get a team-specific tracer but didn’t provide enough context and are getting the generic tracer instead which is likely not what you want. @ https://a.slack-edge.com/bv1-13-br/modern.vendor.2866943b97694cf4c08a.min.js:381
[  930667ms] [WARNING] Mar-27 22:47:32.311 TRACES You tried to get a team-specific tracer but didn’t provide enough context and are getting the generic tracer instead which is likely not what you want. @ https://a.slack-edge.com/bv1-13-br/modern.vendor.2866943b97694cf4c08a.min.js:381
[  941542ms] [ERROR] Access to XMLHttpRequest at 'https://slack.com/clog/track/' from origin 'https://api.slack.com' has been blocked by CORS policy: No 'Access-Control-Allow-Origin' header is present on the requested resource. @ https://api.slack.com/apps/A0AQ9NS0E9W?created=1:0
[  941542ms] [ERROR] Failed to load resource: net::ERR_FAILED @ https://slack.com/clog/track/:0
[  956768ms] [WARNING] Mar-27 22:47:58.411 Couldn't complete metrics measurement for start mark 'session_lifespan' @ https://a.slack-edge.com/bv1-13-br/modern.vendor.2866943b97694cf4c08a.min.js:381
[  956768ms] [WARNING] Mar-27 22:47:58.411 Couldn't complete metrics measurement for start mark 'session_lifespan' @ https://a.slack-edge.com/bv1-13-br/modern.vendor.2866943b97694cf4c08a.min.js:381
[  958662ms] [WARNING] Error in Optanon wrapper, please review your code. TypeError: Cannot read properties of undefined (reading 'analytics') @ https://cdn.cookielaw.org/scripttemplates/202402.1.0/otBannerSdk.js:6
[  958846ms] [WARNING] Mar-27 22:48:00.490 Couldn't complete metrics measurement for start mark 'navigationStart' @ https://a.slack-edge.com/bv1-13-br/modern.vendor.c742af1b2dcaf1441351.min.js:381
[  958867ms] [WARNING] Mar-27 22:48:00.511 TRACES You tried to get a team-specific tracer but didn’t provide enough context and are getting the generic tracer instead which is likely not what you want. @ https://a.slack-edge.com/bv1-13-br/modern.vendor.c742af1b2dcaf1441351.min.js:381
[  958868ms] [WARNING] Mar-27 22:48:00.512 TRACES You tried to get a team-specific tracer but didn’t provide enough context and are getting the generic tracer instead which is likely not what you want. @ https://a.slack-edge.com/bv1-13-br/modern.vendor.c742af1b2dcaf1441351.min.js:381
[  958870ms] [WARNING] Mar-27 22:48:00.513 TRACES You tried to get a team-specific tracer but didn’t provide enough context and are getting the generic tracer instead which is likely not what you want. @ https://a.slack-edge.com/bv1-13-br/modern.vendor.c742af1b2dcaf1441351.min.js:381
[  958870ms] [WARNING] Mar-27 22:48:00.514 TRACES You tried to get a team-specific tracer but didn’t provide enough context and are getting the generic tracer instead which is likely not what you want. @ https://a.slack-edge.com/bv1-13-br/modern.vendor.c742af1b2dcaf1441351.min.js:381
[  959003ms] [WARNING] Mar-27 22:48:00.646 TRACES You tried to get a team-specific tracer but didn’t provide enough context and are getting the generic tracer instead which is likely not what you want. @ https://a.slack-edge.com/bv1-13-br/modern.vendor.c742af1b2dcaf1441351.min.js:381
[  959003ms] [WARNING] Mar-27 22:48:00.647 TRACES You tried to get a team-specific tracer but didn’t provide enough context and are getting the generic tracer instead which is likely not what you want. @ https://a.slack-edge.com/bv1-13-br/modern.vendor.c742af1b2dcaf1441351.min.js:381
[  959087ms] [ERROR] Access to XMLHttpRequest at 'https://ibc-flow.techtarget.com/a/gif.gif?actTypeId=31&cid=17821466&r=1774676880419&ref=https%3A%2F%2Fapi.slack.com%2Fapps%2FA0AQ9NS0E9W%2Finstall-on-team&version=2.4' from origin 'https://api.slack.com' has been blocked by CORS policy: No 'Access-Control-Allow-Origin' header is present on the requested resource. @ https://api.slack.com/apps/A0AQ9NS0E9W/install-on-team?:0
[  959087ms] [ERROR] Failed to load resource: net::ERR_FAILED @ https://ibc-flow.techtarget.com/a/gif.gif?actTypeId=31&cid=17821466&r=1774676880419&ref=https%3A%2F%2Fapi.slack.com%2Fapps%2FA0AQ9NS0E9W%2Finstall-on-team&version=2.4:0
[  974861ms] [WARNING] Mar-27 22:48:16.504 Couldn't complete metrics measurement for start mark 'session_lifespan' @ https://a.slack-edge.com/bv1-13-br/modern.vendor.c742af1b2dcaf1441351.min.js:381
[  974861ms] [WARNING] Mar-27 22:48:16.504 Couldn't complete metrics measurement for start mark 'session_lifespan' @ https://a.slack-edge.com/bv1-13-br/modern.vendor.c742af1b2dcaf1441351.min.js:381
[  975024ms] [ERROR] Access to XMLHttpRequest at 'https://slack.com/clog/track/' from origin 'https://api.slack.com' has been blocked by CORS policy: No 'Access-Control-Allow-Origin' header is present on the requested resource. @ https://api.slack.com/apps/A0AQ9NS0E9W/install-on-team?:0
[  975024ms] [ERROR] Failed to load resource: net::ERR_FAILED @ https://slack.com/clog/track/:0
