[    1388ms] [WARNING] Mar-28 09:29:43.089 SCHEMA Invalid data for schema 'redux-recentlyJoinedChannels'. This does not necessarily mean that an error has occurred. Errors:
[{"keyword":"required","dataPath":"['C0APK1M956G']","schemaPath":"#/additionalProperties/required","params":{"missingProperty":"id"},"message":"should have required property 'id'"}] {subtype: redux-recentlyJoinedChannels} @ https://a.slack-edge.com/bv1-13-br/gantry-v2-shared.2840c016bbd46816b0bc.min.js?cacheKey=gantry-1774666060:0
[    1439ms] [ERROR] Mar-28 09:29:43.156 ARIA-LABELS (?) No aria-label generated for a ViewType Channel. @ https://a.slack-edge.com/bv1-13-br/gantry-v2-shared.2840c016bbd46816b0bc.min.js?cacheKey=gantry-1774666060:0
[    1481ms] [WARNING] Mar-28 09:29:43.199 TRACER (T0AQ9MLRHEC) (boot:time_to_mount_client) was forced closed and marked with the _flush=true tag. @ https://a.slack-edge.com/bv1-13-br/gantry-v2-shared.2840c016bbd46816b0bc.min.js?cacheKey=gantry-1774666060:0
[    1623ms] [WARNING] Mar-28 09:29:43.340 Couldn't complete metrics measurement for start mark 'session_lifespan' @ https://a.slack-edge.com/bv1-13-br/gantry-v2-shared.2840c016bbd46816b0bc.min.js?cacheKey=gantry-1774666060:0
[    1623ms] [WARNING] Mar-28 09:29:43.340 Couldn't complete metrics measurement for start mark 'session_lifespan' @ https://a.slack-edge.com/bv1-13-br/gantry-v2-shared.2840c016bbd46816b0bc.min.js?cacheKey=gantry-1774666060:0
[    1765ms] [WARNING] Mar-28 09:29:43.482 WIN-RESTORE Skipping due to window unloading @ https://a.slack-edge.com/bv1-13-br/gantry-v2-shared.2840c016bbd46816b0bc.min.js?cacheKey=gantry-1774666060:0
[    3489ms] [WARNING] Mar-28 09:29:45.185 SCHEMA Invalid data for schema 'redux-recentlyJoinedChannels'. This does not necessarily mean that an error has occurred. Errors:
[{"keyword":"required","dataPath":"['C0APK1M956G']","schemaPath":"#/additionalProperties/required","params":{"missingProperty":"id"},"message":"should have required property 'id'"}] {subtype: redux-recentlyJoinedChannels} @ https://a.slack-edge.com/bv1-13-br/gantry-v2-shared.2840c016bbd46816b0bc.min.js?cacheKey=gantry-1774694859:0
[    3762ms] [WARNING] Mar-28 09:29:45.480 TRACER (T0AQ9MLRHEC) (boot:time_to_mount_client) was forced closed and marked with the _flush=true tag. @ https://a.slack-edge.com/bv1-13-br/gantry-v2-shared.2840c016bbd46816b0bc.min.js?cacheKey=gantry-1774694859:0
[    3846ms] [WARNING] Mar-28 09:29:45.563 DEVICE-PREFS Preferred audioinput device (default) not found. Resetting to OS default. @ https://a.slack-edge.com/bv1-13-br/gantry-v2-shared.2840c016bbd46816b0bc.min.js?cacheKey=gantry-1774694859:0
[    3846ms] [WARNING] Mar-28 09:29:45.563 DEVICE-PREFS Preferred audiooutput device (default) not found. Resetting to OS default. @ https://a.slack-edge.com/bv1-13-br/gantry-v2-shared.2840c016bbd46816b0bc.min.js?cacheKey=gantry-1774694859:0
[    3873ms] [WARNING] Mar-28 09:29:45.590 SERVICE-WORKER Found existing value for https://slack.com/fake-url-for-service-worker-item-storage/locales; Will overwrite value. @ https://a.slack-edge.com/bv1-13-br/gantry-v2-shared.2840c016bbd46816b0bc.min.js?cacheKey=gantry-1774694859:0
[    4171ms] [WARNING] Mar-28 09:29:45.888 (?) preferred device for audioinput does not exist skipping setting preferred device in huddle @ https://a.slack-edge.com/bv1-13-br/gantry-v2-shared.2840c016bbd46816b0bc.min.js?cacheKey=gantry-1774694859:0
[    4171ms] [WARNING] Mar-28 09:29:45.888 (?) preferred device for audiooutput does not exist skipping setting preferred device in huddle @ https://a.slack-edge.com/bv1-13-br/gantry-v2-shared.2840c016bbd46816b0bc.min.js?cacheKey=gantry-1774694859:0
[    4171ms] [WARNING] Mar-28 09:29:45.888 (?) preferred device for videoinput does not exist skipping setting preferred device in huddle @ https://a.slack-edge.com/bv1-13-br/gantry-v2-shared.2840c016bbd46816b0bc.min.js?cacheKey=gantry-1774694859:0
[    5080ms] [WARNING] Mar-28 09:29:46.797 TRACER (T0AQ9MLRHEC) (canvas:collab-init) was forced closed and marked with the _flush=true tag. @ https://a.slack-edge.com/bv1-13-br/gantry-v2-shared.2840c016bbd46816b0bc.min.js?cacheKey=gantry-1774694859:0
[    5080ms] [WARNING] Mar-28 09:29:46.798 TRACER (T0AQ9MLRHEC) (canvas:await-callback) was forced closed and marked with the _flush=true tag. @ https://a.slack-edge.com/bv1-13-br/gantry-v2-shared.2840c016bbd46816b0bc.min.js?cacheKey=gantry-1774694859:0
[   64926ms] [WARNING] Mar-28 09:30:46.644 NOTIFICATIONS (T0AQ9MLRHEC) Notification (message) suppressed because:
The user did not grant permission to show notifications @ https://a.slack-edge.com/bv1-13-br/gantry-v2-shared.2840c016bbd46816b0bc.min.js?cacheKey=gantry-1774694859:0
[   68258ms] [WARNING] Mar-28 09:30:49.975 UFM-members (T0AQ9MLRHEC) UnknownFetchManager requested 1 objects but received 0. Missing objects: UCHANNELEXPERT @ https://a.slack-edge.com/bv1-13-br/gantry-v2-shared.2840c016bbd46816b0bc.min.js?cacheKey=gantry-1774694859:0
