[    1033ms] [WARNING] Mar-27 22:26:18.401 TELEMETRY You tried to get a team-specific telemeter but didn’t provide enough context and are getting the generic telemeter instead which is likely not what you want. @ https://a.slack-edge.com/bv1-13-br/get-started.db7ff63db46b53aaa898.primer.min.js:57
[    1035ms] [WARNING] Mar-27 22:26:18.403 TELEMETRY You tried to get a team-specific telemeter but didn’t provide enough context and are getting the generic telemeter instead which is likely not what you want. @ https://a.slack-edge.com/bv1-13-br/get-started.db7ff63db46b53aaa898.primer.min.js:57
[    1104ms] [WARNING] Mar-27 22:26:18.472 TELEMETRY You tried to get a team-specific telemeter but didn’t provide enough context and are getting the generic telemeter instead which is likely not what you want. @ https://a.slack-edge.com/bv1-13-br/get-started.db7ff63db46b53aaa898.primer.min.js:57
[    1114ms] [WARNING] Mar-27 22:26:18.482 TRACES You tried to get a team-specific tracer but didn’t provide enough context and are getting the generic tracer instead which is likely not what you want. @ https://a.slack-edge.com/bv1-13-br/get-started.db7ff63db46b53aaa898.primer.min.js:57
[    1115ms] [WARNING] Mar-27 22:26:18.484 TRACES You tried to get a team-specific tracer but didn’t provide enough context and are getting the generic tracer instead which is likely not what you want. @ https://a.slack-edge.com/bv1-13-br/get-started.db7ff63db46b53aaa898.primer.min.js:57
[    1122ms] [WARNING] Error in Optanon wrapper, please review your code. TypeError: Cannot read properties of undefined (reading 'analytics') @ https://cdn.cookielaw.org/scripttemplates/202402.1.0/otBannerSdk.js:6
[    1403ms] [WARNING] Mar-27 22:26:18.771 TRACES You tried to get a team-specific tracer but didn’t provide enough context and are getting the generic tracer instead which is likely not what you want. @ https://a.slack-edge.com/bv1-13-br/get-started.db7ff63db46b53aaa898.primer.min.js:57
[    1403ms] [WARNING] Mar-27 22:26:18.771 TRACES You tried to get a team-specific tracer but didn’t provide enough context and are getting the generic tracer instead which is likely not what you want. @ https://a.slack-edge.com/bv1-13-br/get-started.db7ff63db46b53aaa898.primer.min.js:57
[    2047ms] [ERROR] Access to XMLHttpRequest at 'https://ibc-flow.techtarget.com/a/gif.gif?actTypeId=31&cid=17821466&r=1774675579041&ref=https%3A%2F%2Fslack.com%2Fsignin&version=2.4' from origin 'https://slack.com' has been blocked by CORS policy: No 'Access-Control-Allow-Origin' header is present on the requested resource. @ https://slack.com/signin#/signin:0
[    2047ms] [ERROR] Failed to load resource: net::ERR_FAILED @ https://ibc-flow.techtarget.com/a/gif.gif?actTypeId=31&cid=17821466&r=1774675579041&ref=https%3A%2F%2Fslack.com%2Fsignin&version=2.4:0
[    2530ms] [ERROR] Failed to load resource: net::ERR_NAME_NOT_RESOLVED @ https://s.thebrighttag.com/csx?tp=1YJNAYe:0
[   12760ms] [WARNING] Mar-27 22:26:30.128 Couldn't complete metrics measurement for start mark 'session_lifespan' @ https://a.slack-edge.com/bv1-13-br/get-started.db7ff63db46b53aaa898.primer.min.js:57
[   43618ms] [WARNING] Mar-27 22:27:00.973 TELEMETRY You tried to get a team-specific telemeter but didn’t provide enough context and are getting the generic telemeter instead which is likely not what you want. @ https://a.slack-edge.com/bv1-13-br/get-started.db7ff63db46b53aaa898.primer.min.js:57
[   43619ms] [WARNING] Mar-27 22:27:00.987 TELEMETRY You tried to get a team-specific telemeter but didn’t provide enough context and are getting the generic telemeter instead which is likely not what you want. @ https://a.slack-edge.com/bv1-13-br/get-started.db7ff63db46b53aaa898.primer.min.js:57
[   43676ms] [WARNING] Mar-27 22:27:01.045 TRACES You tried to get a team-specific tracer but didn’t provide enough context and are getting the generic tracer instead which is likely not what you want. @ https://a.slack-edge.com/bv1-13-br/get-started.db7ff63db46b53aaa898.primer.min.js:57
[   43677ms] [WARNING] Mar-27 22:27:01.045 TRACES You tried to get a team-specific tracer but didn’t provide enough context and are getting the generic tracer instead which is likely not what you want. @ https://a.slack-edge.com/bv1-13-br/get-started.db7ff63db46b53aaa898.primer.min.js:57
[   43684ms] [WARNING] Error in Optanon wrapper, please review your code. TypeError: Cannot read properties of undefined (reading 'analytics') @ https://cdn.cookielaw.org/scripttemplates/202402.1.0/otBannerSdk.js:6
[   44281ms] [ERROR] Access to XMLHttpRequest at 'https://ibc-flow.techtarget.com/a/gif.gif?actTypeId=31&cid=17821466&r=1774675621332&ref=https%3A%2F%2Fslack.com%2Fsignin%3Fentry_point%3Dredirect_flow&version=2.4' from origin 'https://slack.com' has been blocked by CORS policy: No 'Access-Control-Allow-Origin' header is present on the requested resource. @ https://slack.com/signin?entry_point=redirect_flow#workspaces:0
[   44281ms] [ERROR] Failed to load resource: net::ERR_FAILED @ https://ibc-flow.techtarget.com/a/gif.gif?actTypeId=31&cid=17821466&r=1774675621332&ref=https%3A%2F%2Fslack.com%2Fsignin%3Fentry_point%3Dredirect_flow&version=2.4:0
[   44357ms] [ERROR] Failed to load resource: net::ERR_NAME_NOT_RESOLVED @ https://s.thebrighttag.com/csx?tp=1YJNAYe:0
[   74522ms] [WARNING] Mar-27 22:27:31.891 Couldn't complete metrics measurement for start mark 'session_lifespan' @ https://a.slack-edge.com/bv1-13-br/get-started.db7ff63db46b53aaa898.primer.min.js:57
[   74847ms] [ERROR] Attestation check for Attribution Reporting on https://www.facebook.com failed. @ https://slack.com/signin?entry_point=redirect_flow#workspaces:0
[   78019ms] [WARNING] Mar-27 22:27:35.387 TRACER (T0AQ9MLRHEC) (boot:time_to_mount_client) was forced closed and marked with the _flush=true tag. @ https://a.slack-edge.com/bv1-13-br/gantry-v2-shared.2840c016bbd46816b0bc.min.js?cacheKey=gantry-1774666060:0
[   78097ms] [WARNING] Mar-27 22:27:35.465 DEVICE-PREFS Preferred audioinput device (default) not found. Resetting to OS default. @ https://a.slack-edge.com/bv1-13-br/gantry-v2-shared.2840c016bbd46816b0bc.min.js?cacheKey=gantry-1774666060:0
[   78097ms] [WARNING] Mar-27 22:27:35.465 DEVICE-PREFS Preferred audiooutput device (default) not found. Resetting to OS default. @ https://a.slack-edge.com/bv1-13-br/gantry-v2-shared.2840c016bbd46816b0bc.min.js?cacheKey=gantry-1774666060:0
[   78453ms] [WARNING] Mar-27 22:27:35.822 (?) preferred device for audiooutput does not exist skipping setting preferred device in huddle @ https://a.slack-edge.com/bv1-13-br/gantry-v2-shared.2840c016bbd46816b0bc.min.js?cacheKey=gantry-1774666060:0
[   83165ms] [WARNING] Mar-27 22:27:40.533 DEVICE-PREFS Preferred audioinput device (default) not found. Resetting to OS default. @ https://a.slack-edge.com/bv1-13-br/gantry-v2-shared.2840c016bbd46816b0bc.min.js?cacheKey=gantry-1774666060:0
[   83165ms] [WARNING] Mar-27 22:27:40.533 DEVICE-PREFS Preferred audiooutput device (default) not found. Resetting to OS default. @ https://a.slack-edge.com/bv1-13-br/gantry-v2-shared.2840c016bbd46816b0bc.min.js?cacheKey=gantry-1774666060:0
[   83485ms] [WARNING] Mar-27 22:27:40.854 (?) preferred device for audioinput does not exist skipping setting preferred device in huddle @ https://a.slack-edge.com/bv1-13-br/gantry-v2-shared.2840c016bbd46816b0bc.min.js?cacheKey=gantry-1774666060:0
[   83485ms] [WARNING] Mar-27 22:27:40.854 (?) preferred device for audiooutput does not exist skipping setting preferred device in huddle @ https://a.slack-edge.com/bv1-13-br/gantry-v2-shared.2840c016bbd46816b0bc.min.js?cacheKey=gantry-1774666060:0
[   83485ms] [WARNING] Mar-27 22:27:40.854 (?) preferred device for videoinput does not exist skipping setting preferred device in huddle @ https://a.slack-edge.com/bv1-13-br/gantry-v2-shared.2840c016bbd46816b0bc.min.js?cacheKey=gantry-1774666060:0
[   89149ms] [WARNING] Deleting IndexedDB database 'quip-test' @ https://a.slack-edge.com/canvas_blob/kZhjmtJixV729-aa8hZ8_A:1
[   89149ms] [WARNING] Mar-27 22:27:46.518 TRACER (T0AQ9MLRHEC) (canvas:collab-init) was forced closed and marked with the _flush=true tag. @ https://a.slack-edge.com/bv1-13-br/gantry-v2-shared.2840c016bbd46816b0bc.min.js?cacheKey=gantry-1774666060:0
[   89155ms] [WARNING] Mar-27 22:27:46.523 TRACER (T0AQ9MLRHEC) (canvas:await-callback) was forced closed and marked with the _flush=true tag. @ https://a.slack-edge.com/bv1-13-br/gantry-v2-shared.2840c016bbd46816b0bc.min.js?cacheKey=gantry-1774666060:0
[   89272ms] [WARNING] Deleting IndexedDB database 'quip' @ https://a.slack-edge.com/canvas_blob/kZhjmtJixV729-aa8hZ8_A:1
[   89302ms] [WARNING] Deleting IndexedDB database 'metrics' @ https://a.slack-edge.com/canvas_blob/kZhjmtJixV729-aa8hZ8_A:1
[   89302ms] [WARNING] Deleting IndexedDB database 'local-storage' @ https://a.slack-edge.com/canvas_blob/kZhjmtJixV729-aa8hZ8_A:1
[   89304ms] [WARNING] Deleting IndexedDB database 'canvas' @ https://a.slack-edge.com/canvas_blob/kZhjmtJixV729-aa8hZ8_A:1
[  166552ms] [WARNING] Mar-27 22:29:03.920 NOTIFICATIONS (T0AQ9MLRHEC) Notification (message) suppressed because:
The user did not grant permission to show notifications @ https://a.slack-edge.com/bv1-13-br/gantry-v2-shared.2840c016bbd46816b0bc.min.js?cacheKey=gantry-1774666060:0
