[     304ms] TypeError: Cannot read properties of null (reading 'onmessage')
    at https://echo.dawn-tunnel.dev/dashboard:4738:32
[     304ms] [ERROR] Loading the script 'https://static.cloudflareinsights.com/beacon.min.js/v8c78df7c7c0f484497ecbca7046644da1771523124516' violates the following Content Security Policy directive: "script-src 'self' 'unsafe-inline' cdn.jsdelivr.net". Note that 'script-src-elem' was not explicitly set, so 'script-src' is used as a fallback. The action has been blocked. @ https://echo.dawn-tunnel.dev/dashboard:0
[     868ms] [ERROR] Failed to load resource: the server responded with a status of 503 () @ https://echo.dawn-tunnel.dev/whatsapp/qr:0
[    3871ms] [ERROR] Failed to load resource: the server responded with a status of 503 () @ https://echo.dawn-tunnel.dev/whatsapp/qr:0
[    6886ms] [ERROR] Failed to load resource: the server responded with a status of 503 () @ https://echo.dawn-tunnel.dev/whatsapp/qr:0
[    9972ms] [ERROR] Failed to load resource: the server responded with a status of 503 () @ https://echo.dawn-tunnel.dev/whatsapp/qr:0
[   12867ms] [ERROR] Failed to load resource: the server responded with a status of 503 () @ https://echo.dawn-tunnel.dev/whatsapp/qr:0
[   15846ms] [ERROR] Failed to load resource: the server responded with a status of 503 () @ https://echo.dawn-tunnel.dev/whatsapp/qr:0
[   18843ms] [ERROR] Failed to load resource: the server responded with a status of 503 () @ https://echo.dawn-tunnel.dev/whatsapp/qr:0
[   21842ms] [ERROR] Failed to load resource: the server responded with a status of 503 () @ https://echo.dawn-tunnel.dev/whatsapp/qr:0
[   24848ms] [ERROR] Failed to load resource: the server responded with a status of 503 () @ https://echo.dawn-tunnel.dev/whatsapp/qr:0
[   27868ms] [ERROR] Failed to load resource: the server responded with a status of 503 () @ https://echo.dawn-tunnel.dev/whatsapp/qr:0
[   30842ms] [ERROR] Failed to load resource: the server responded with a status of 503 () @ https://echo.dawn-tunnel.dev/whatsapp/qr:0
[   33848ms] [ERROR] Failed to load resource: the server responded with a status of 503 () @ https://echo.dawn-tunnel.dev/whatsapp/qr:0
[   36849ms] [ERROR] Failed to load resource: the server responded with a status of 503 () @ https://echo.dawn-tunnel.dev/whatsapp/qr:0
[   39859ms] [ERROR] Failed to load resource: the server responded with a status of 503 () @ https://echo.dawn-tunnel.dev/whatsapp/qr:0
[   43232ms] [ERROR] Failed to load resource: the server responded with a status of 503 () @ https://echo.dawn-tunnel.dev/whatsapp/qr:0
[   45858ms] [ERROR] Failed to load resource: the server responded with a status of 503 () @ https://echo.dawn-tunnel.dev/whatsapp/qr:0
[   48849ms] [ERROR] Failed to load resource: the server responded with a status of 503 () @ https://echo.dawn-tunnel.dev/whatsapp/qr:0
[   51927ms] [ERROR] Failed to load resource: the server responded with a status of 503 () @ https://echo.dawn-tunnel.dev/whatsapp/qr:0
[   54859ms] [ERROR] Failed to load resource: the server responded with a status of 503 () @ https://echo.dawn-tunnel.dev/whatsapp/qr:0
[   57838ms] [ERROR] Failed to load resource: the server responded with a status of 503 () @ https://echo.dawn-tunnel.dev/whatsapp/qr:0
[   60858ms] [ERROR] Failed to load resource: the server responded with a status of 503 () @ https://echo.dawn-tunnel.dev/whatsapp/qr:0
[   63845ms] [ERROR] Failed to load resource: the server responded with a status of 503 () @ https://echo.dawn-tunnel.dev/whatsapp/qr:0
[   66868ms] [ERROR] Failed to load resource: the server responded with a status of 503 () @ https://echo.dawn-tunnel.dev/whatsapp/qr:0
[   69849ms] [ERROR] Failed to load resource: the server responded with a status of 503 () @ https://echo.dawn-tunnel.dev/whatsapp/qr:0
[   72849ms] [ERROR] Failed to load resource: the server responded with a status of 503 () @ https://echo.dawn-tunnel.dev/whatsapp/qr:0
[   75853ms] [ERROR] Failed to load resource: the server responded with a status of 503 () @ https://echo.dawn-tunnel.dev/whatsapp/qr:0
[   78851ms] [ERROR] Failed to load resource: the server responded with a status of 503 () @ https://echo.dawn-tunnel.dev/whatsapp/qr:0
[   81844ms] [ERROR] Failed to load resource: the server responded with a status of 503 () @ https://echo.dawn-tunnel.dev/whatsapp/qr:0
[   84843ms] [ERROR] Failed to load resource: the server responded with a status of 503 () @ https://echo.dawn-tunnel.dev/whatsapp/qr:0
[   87845ms] [ERROR] Failed to load resource: the server responded with a status of 503 () @ https://echo.dawn-tunnel.dev/whatsapp/qr:0
[   90867ms] [ERROR] Failed to load resource: the server responded with a status of 503 () @ https://echo.dawn-tunnel.dev/whatsapp/qr:0
[   93850ms] [ERROR] Failed to load resource: the server responded with a status of 503 () @ https://echo.dawn-tunnel.dev/whatsapp/qr:0
[   96849ms] [ERROR] Failed to load resource: the server responded with a status of 503 () @ https://echo.dawn-tunnel.dev/whatsapp/qr:0
[   99869ms] [ERROR] Failed to load resource: the server responded with a status of 503 () @ https://echo.dawn-tunnel.dev/whatsapp/qr:0
[  102849ms] [ERROR] Failed to load resource: the server responded with a status of 503 () @ https://echo.dawn-tunnel.dev/whatsapp/qr:0
[  105876ms] [ERROR] Failed to load resource: the server responded with a status of 503 () @ https://echo.dawn-tunnel.dev/whatsapp/qr:0
[  108854ms] [ERROR] Failed to load resource: the server responded with a status of 503 () @ https://echo.dawn-tunnel.dev/whatsapp/qr:0
[  111874ms] [ERROR] Failed to load resource: the server responded with a status of 503 () @ https://echo.dawn-tunnel.dev/whatsapp/qr:0
[  114843ms] [ERROR] Failed to load resource: the server responded with a status of 503 () @ https://echo.dawn-tunnel.dev/whatsapp/qr:0
[  117837ms] [ERROR] Failed to load resource: the server responded with a status of 503 () @ https://echo.dawn-tunnel.dev/whatsapp/qr:0
[  120847ms] [ERROR] Failed to load resource: the server responded with a status of 503 () @ https://echo.dawn-tunnel.dev/whatsapp/qr:0
[  123849ms] [ERROR] Failed to load resource: the server responded with a status of 503 () @ https://echo.dawn-tunnel.dev/whatsapp/qr:0
[  126840ms] [ERROR] Failed to load resource: the server responded with a status of 503 () @ https://echo.dawn-tunnel.dev/whatsapp/qr:0
[  129850ms] [ERROR] Failed to load resource: the server responded with a status of 503 () @ https://echo.dawn-tunnel.dev/whatsapp/qr:0
[  132836ms] [ERROR] Failed to load resource: the server responded with a status of 503 () @ https://echo.dawn-tunnel.dev/whatsapp/qr:0
[  135864ms] [ERROR] Failed to load resource: the server responded with a status of 503 () @ https://echo.dawn-tunnel.dev/whatsapp/qr:0
[  138848ms] [ERROR] Failed to load resource: the server responded with a status of 503 () @ https://echo.dawn-tunnel.dev/whatsapp/qr:0
[  141849ms] [ERROR] Failed to load resource: the server responded with a status of 503 () @ https://echo.dawn-tunnel.dev/whatsapp/qr:0
[  144850ms] [ERROR] Failed to load resource: the server responded with a status of 503 () @ https://echo.dawn-tunnel.dev/whatsapp/qr:0
[  147852ms] [ERROR] Failed to load resource: the server responded with a status of 503 () @ https://echo.dawn-tunnel.dev/whatsapp/qr:0
[  150852ms] [ERROR] Failed to load resource: the server responded with a status of 503 () @ https://echo.dawn-tunnel.dev/whatsapp/qr:0
[  153844ms] [ERROR] Failed to load resource: the server responded with a status of 503 () @ https://echo.dawn-tunnel.dev/whatsapp/qr:0
[  156870ms] [ERROR] Failed to load resource: the server responded with a status of 503 () @ https://echo.dawn-tunnel.dev/whatsapp/qr:0
[  159850ms] [ERROR] Failed to load resource: the server responded with a status of 503 () @ https://echo.dawn-tunnel.dev/whatsapp/qr:0
[  162866ms] [ERROR] Failed to load resource: the server responded with a status of 503 () @ https://echo.dawn-tunnel.dev/whatsapp/qr:0
[  165856ms] [ERROR] Failed to load resource: the server responded with a status of 503 () @ https://echo.dawn-tunnel.dev/whatsapp/qr:0
[  168873ms] [ERROR] Failed to load resource: the server responded with a status of 503 () @ https://echo.dawn-tunnel.dev/whatsapp/qr:0
[  171845ms] [ERROR] Failed to load resource: the server responded with a status of 503 () @ https://echo.dawn-tunnel.dev/whatsapp/qr:0
[  174865ms] [ERROR] Failed to load resource: the server responded with a status of 503 () @ https://echo.dawn-tunnel.dev/whatsapp/qr:0
[  177863ms] [ERROR] Failed to load resource: the server responded with a status of 503 () @ https://echo.dawn-tunnel.dev/whatsapp/qr:0
[  180886ms] [ERROR] Failed to load resource: the server responded with a status of 503 () @ https://echo.dawn-tunnel.dev/whatsapp/qr:0
[  183846ms] [ERROR] Failed to load resource: the server responded with a status of 503 () @ https://echo.dawn-tunnel.dev/whatsapp/qr:0
[  186857ms] [ERROR] Failed to load resource: the server responded with a status of 503 () @ https://echo.dawn-tunnel.dev/whatsapp/qr:0
[  189855ms] [ERROR] Failed to load resource: the server responded with a status of 503 () @ https://echo.dawn-tunnel.dev/whatsapp/qr:0
[  192878ms] [ERROR] Failed to load resource: the server responded with a status of 503 () @ https://echo.dawn-tunnel.dev/whatsapp/qr:0
[  195853ms] [ERROR] Failed to load resource: the server responded with a status of 503 () @ https://echo.dawn-tunnel.dev/whatsapp/qr:0
[  198857ms] [ERROR] Failed to load resource: the server responded with a status of 503 () @ https://echo.dawn-tunnel.dev/whatsapp/qr:0
[  201860ms] [ERROR] Failed to load resource: the server responded with a status of 503 () @ https://echo.dawn-tunnel.dev/whatsapp/qr:0
[  204848ms] [ERROR] Failed to load resource: the server responded with a status of 503 () @ https://echo.dawn-tunnel.dev/whatsapp/qr:0
[  207915ms] [ERROR] Failed to load resource: the server responded with a status of 503 () @ https://echo.dawn-tunnel.dev/whatsapp/qr:0
[  210898ms] [ERROR] Failed to load resource: the server responded with a status of 503 () @ https://echo.dawn-tunnel.dev/whatsapp/qr:0
[  213859ms] [ERROR] Failed to load resource: the server responded with a status of 503 () @ https://echo.dawn-tunnel.dev/whatsapp/qr:0
[  216853ms] [ERROR] Failed to load resource: the server responded with a status of 503 () @ https://echo.dawn-tunnel.dev/whatsapp/qr:0
[  219868ms] [ERROR] Failed to load resource: the server responded with a status of 503 () @ https://echo.dawn-tunnel.dev/whatsapp/qr:0
[  222866ms] [ERROR] Failed to load resource: the server responded with a status of 503 () @ https://echo.dawn-tunnel.dev/whatsapp/qr:0
[  225851ms] [ERROR] Failed to load resource: the server responded with a status of 503 () @ https://echo.dawn-tunnel.dev/whatsapp/qr:0
[  228855ms] [ERROR] Failed to load resource: the server responded with a status of 503 () @ https://echo.dawn-tunnel.dev/whatsapp/qr:0
[  231843ms] [ERROR] Failed to load resource: the server responded with a status of 503 () @ https://echo.dawn-tunnel.dev/whatsapp/qr:0
[  234851ms] [ERROR] Failed to load resource: the server responded with a status of 503 () @ https://echo.dawn-tunnel.dev/whatsapp/qr:0
[  237904ms] [ERROR] Failed to load resource: the server responded with a status of 503 () @ https://echo.dawn-tunnel.dev/whatsapp/qr:0
[  240898ms] [ERROR] Failed to load resource: the server responded with a status of 503 () @ https://echo.dawn-tunnel.dev/whatsapp/qr:0
[  243845ms] [ERROR] Failed to load resource: the server responded with a status of 503 () @ https://echo.dawn-tunnel.dev/whatsapp/qr:0
[  246861ms] [ERROR] Failed to load resource: the server responded with a status of 503 () @ https://echo.dawn-tunnel.dev/whatsapp/qr:0
[  249842ms] [ERROR] Failed to load resource: the server responded with a status of 503 () @ https://echo.dawn-tunnel.dev/whatsapp/qr:0
[  252878ms] [ERROR] Failed to load resource: the server responded with a status of 503 () @ https://echo.dawn-tunnel.dev/whatsapp/qr:0
[  255862ms] [ERROR] Failed to load resource: the server responded with a status of 503 () @ https://echo.dawn-tunnel.dev/whatsapp/qr:0
[  258852ms] [ERROR] Failed to load resource: the server responded with a status of 503 () @ https://echo.dawn-tunnel.dev/whatsapp/qr:0
[  261859ms] [ERROR] Failed to load resource: the server responded with a status of 503 () @ https://echo.dawn-tunnel.dev/whatsapp/qr:0
[  264848ms] [ERROR] Failed to load resource: the server responded with a status of 503 () @ https://echo.dawn-tunnel.dev/whatsapp/qr:0
[  267971ms] [ERROR] Failed to load resource: the server responded with a status of 503 () @ https://echo.dawn-tunnel.dev/whatsapp/qr:0
[  270850ms] [ERROR] Failed to load resource: the server responded with a status of 503 () @ https://echo.dawn-tunnel.dev/whatsapp/qr:0
[  273851ms] [ERROR] Failed to load resource: the server responded with a status of 503 () @ https://echo.dawn-tunnel.dev/whatsapp/qr:0
[  276846ms] [ERROR] Failed to load resource: the server responded with a status of 503 () @ https://echo.dawn-tunnel.dev/whatsapp/qr:0
[  279898ms] [ERROR] Failed to load resource: the server responded with a status of 503 () @ https://echo.dawn-tunnel.dev/whatsapp/qr:0
[  282882ms] [ERROR] Failed to load resource: the server responded with a status of 503 () @ https://echo.dawn-tunnel.dev/whatsapp/qr:0
[  285859ms] [ERROR] Failed to load resource: the server responded with a status of 503 () @ https://echo.dawn-tunnel.dev/whatsapp/qr:0
[  288856ms] [ERROR] Failed to load resource: the server responded with a status of 503 () @ https://echo.dawn-tunnel.dev/whatsapp/qr:0
[  291851ms] [ERROR] Failed to load resource: the server responded with a status of 503 () @ https://echo.dawn-tunnel.dev/whatsapp/qr:0
[  294861ms] [ERROR] Failed to load resource: the server responded with a status of 503 () @ https://echo.dawn-tunnel.dev/whatsapp/qr:0
[  297892ms] [ERROR] Failed to load resource: the server responded with a status of 503 () @ https://echo.dawn-tunnel.dev/whatsapp/qr:0
[  300851ms] [ERROR] Failed to load resource: the server responded with a status of 503 () @ https://echo.dawn-tunnel.dev/whatsapp/qr:0
[  303853ms] [ERROR] Failed to load resource: the server responded with a status of 503 () @ https://echo.dawn-tunnel.dev/whatsapp/qr:0
[  306884ms] [ERROR] Failed to load resource: the server responded with a status of 503 () @ https://echo.dawn-tunnel.dev/whatsapp/qr:0
[  309852ms] [ERROR] Failed to load resource: the server responded with a status of 503 () @ https://echo.dawn-tunnel.dev/whatsapp/qr:0
[  312893ms] [ERROR] Failed to load resource: the server responded with a status of 503 () @ https://echo.dawn-tunnel.dev/whatsapp/qr:0
[  315851ms] [ERROR] Failed to load resource: the server responded with a status of 503 () @ https://echo.dawn-tunnel.dev/whatsapp/qr:0
[  318863ms] [ERROR] Failed to load resource: the server responded with a status of 503 () @ https://echo.dawn-tunnel.dev/whatsapp/qr:0
[  321867ms] [ERROR] Failed to load resource: the server responded with a status of 503 () @ https://echo.dawn-tunnel.dev/whatsapp/qr:0
[  324854ms] [ERROR] Failed to load resource: the server responded with a status of 503 () @ https://echo.dawn-tunnel.dev/whatsapp/qr:0
[  327916ms] [ERROR] Failed to load resource: the server responded with a status of 503 () @ https://echo.dawn-tunnel.dev/whatsapp/qr:0
[  330883ms] [ERROR] Failed to load resource: the server responded with a status of 503 () @ https://echo.dawn-tunnel.dev/whatsapp/qr:0
[  333851ms] [ERROR] Failed to load resource: the server responded with a status of 503 () @ https://echo.dawn-tunnel.dev/whatsapp/qr:0
[  336854ms] [ERROR] Failed to load resource: the server responded with a status of 503 () @ https://echo.dawn-tunnel.dev/whatsapp/qr:0
[  339896ms] [ERROR] Failed to load resource: the server responded with a status of 503 () @ https://echo.dawn-tunnel.dev/whatsapp/qr:0
[  342861ms] [ERROR] Failed to load resource: the server responded with a status of 503 () @ https://echo.dawn-tunnel.dev/whatsapp/qr:0
[  345868ms] [ERROR] Failed to load resource: the server responded with a status of 503 () @ https://echo.dawn-tunnel.dev/whatsapp/qr:0
[  348889ms] [ERROR] Failed to load resource: the server responded with a status of 503 () @ https://echo.dawn-tunnel.dev/whatsapp/qr:0
[  351864ms] [ERROR] Failed to load resource: the server responded with a status of 503 () @ https://echo.dawn-tunnel.dev/whatsapp/qr:0
[  354850ms] [ERROR] Failed to load resource: the server responded with a status of 503 () @ https://echo.dawn-tunnel.dev/whatsapp/qr:0
[  357854ms] [ERROR] Failed to load resource: the server responded with a status of 503 () @ https://echo.dawn-tunnel.dev/whatsapp/qr:0
[  360876ms] [ERROR] Failed to load resource: the server responded with a status of 503 () @ https://echo.dawn-tunnel.dev/whatsapp/qr:0
[  363856ms] [ERROR] Failed to load resource: the server responded with a status of 503 () @ https://echo.dawn-tunnel.dev/whatsapp/qr:0
[  366862ms] [ERROR] Failed to load resource: the server responded with a status of 503 () @ https://echo.dawn-tunnel.dev/whatsapp/qr:0
[  369873ms] [ERROR] Failed to load resource: the server responded with a status of 503 () @ https://echo.dawn-tunnel.dev/whatsapp/qr:0
[  372861ms] [ERROR] Failed to load resource: the server responded with a status of 503 () @ https://echo.dawn-tunnel.dev/whatsapp/qr:0
[  375851ms] [ERROR] Failed to load resource: the server responded with a status of 503 () @ https://echo.dawn-tunnel.dev/whatsapp/qr:0
[  378873ms] [ERROR] Failed to load resource: the server responded with a status of 503 () @ https://echo.dawn-tunnel.dev/whatsapp/qr:0
[  381906ms] [ERROR] Failed to load resource: the server responded with a status of 503 () @ https://echo.dawn-tunnel.dev/whatsapp/qr:0
[  384852ms] [ERROR] Failed to load resource: the server responded with a status of 503 () @ https://echo.dawn-tunnel.dev/whatsapp/qr:0
[  387859ms] [ERROR] Failed to load resource: the server responded with a status of 503 () @ https://echo.dawn-tunnel.dev/whatsapp/qr:0
[  390856ms] [ERROR] Failed to load resource: the server responded with a status of 503 () @ https://echo.dawn-tunnel.dev/whatsapp/qr:0
[  393845ms] [ERROR] Failed to load resource: the server responded with a status of 503 () @ https://echo.dawn-tunnel.dev/whatsapp/qr:0
[  397034ms] [ERROR] Failed to load resource: the server responded with a status of 503 () @ https://echo.dawn-tunnel.dev/whatsapp/qr:0
[  399868ms] [ERROR] Failed to load resource: the server responded with a status of 503 () @ https://echo.dawn-tunnel.dev/whatsapp/qr:0
[  402847ms] [ERROR] Failed to load resource: the server responded with a status of 503 () @ https://echo.dawn-tunnel.dev/whatsapp/qr:0
[  405873ms] [ERROR] Failed to load resource: the server responded with a status of 503 () @ https://echo.dawn-tunnel.dev/whatsapp/qr:0
[  408855ms] [ERROR] Failed to load resource: the server responded with a status of 503 () @ https://echo.dawn-tunnel.dev/whatsapp/qr:0
[  411847ms] [ERROR] Failed to load resource: the server responded with a status of 503 () @ https://echo.dawn-tunnel.dev/whatsapp/qr:0
[  414854ms] [ERROR] Failed to load resource: the server responded with a status of 503 () @ https://echo.dawn-tunnel.dev/whatsapp/qr:0
[  417872ms] [ERROR] Failed to load resource: the server responded with a status of 503 () @ https://echo.dawn-tunnel.dev/whatsapp/qr:0
[  420860ms] [ERROR] Failed to load resource: the server responded with a status of 503 () @ https://echo.dawn-tunnel.dev/whatsapp/qr:0
[  423876ms] [ERROR] Failed to load resource: the server responded with a status of 503 () @ https://echo.dawn-tunnel.dev/whatsapp/qr:0
[  426860ms] [ERROR] Failed to load resource: the server responded with a status of 503 () @ https://echo.dawn-tunnel.dev/whatsapp/qr:0
[  429847ms] [ERROR] Failed to load resource: the server responded with a status of 503 () @ https://echo.dawn-tunnel.dev/whatsapp/qr:0
[  432859ms] [ERROR] Failed to load resource: the server responded with a status of 503 () @ https://echo.dawn-tunnel.dev/whatsapp/qr:0
[  435854ms] [ERROR] Failed to load resource: the server responded with a status of 503 () @ https://echo.dawn-tunnel.dev/whatsapp/qr:0
[  438851ms] [ERROR] Failed to load resource: the server responded with a status of 503 () @ https://echo.dawn-tunnel.dev/whatsapp/qr:0
[  441858ms] [ERROR] Failed to load resource: the server responded with a status of 503 () @ https://echo.dawn-tunnel.dev/whatsapp/qr:0
[  444860ms] [ERROR] Failed to load resource: the server responded with a status of 503 () @ https://echo.dawn-tunnel.dev/whatsapp/qr:0
[  447875ms] [ERROR] Failed to load resource: the server responded with a status of 503 () @ https://echo.dawn-tunnel.dev/whatsapp/qr:0
[  450864ms] [ERROR] Failed to load resource: the server responded with a status of 503 () @ https://echo.dawn-tunnel.dev/whatsapp/qr:0
[  453844ms] [ERROR] Failed to load resource: the server responded with a status of 503 () @ https://echo.dawn-tunnel.dev/whatsapp/qr:0
[  456878ms] [ERROR] Failed to load resource: the server responded with a status of 503 () @ https://echo.dawn-tunnel.dev/whatsapp/qr:0
[  459836ms] [ERROR] Failed to load resource: the server responded with a status of 503 () @ https://echo.dawn-tunnel.dev/whatsapp/qr:0
[  462914ms] [ERROR] Failed to load resource: the server responded with a status of 503 () @ https://echo.dawn-tunnel.dev/whatsapp/qr:0
[  465850ms] [ERROR] Failed to load resource: the server responded with a status of 503 () @ https://echo.dawn-tunnel.dev/whatsapp/qr:0
[  468861ms] [ERROR] Failed to load resource: the server responded with a status of 503 () @ https://echo.dawn-tunnel.dev/whatsapp/qr:0
[  471847ms] [ERROR] Failed to load resource: the server responded with a status of 503 () @ https://echo.dawn-tunnel.dev/whatsapp/qr:0
[  474848ms] [ERROR] Failed to load resource: the server responded with a status of 503 () @ https://echo.dawn-tunnel.dev/whatsapp/qr:0
[  477875ms] [ERROR] Failed to load resource: the server responded with a status of 503 () @ https://echo.dawn-tunnel.dev/whatsapp/qr:0
[  480858ms] [ERROR] Failed to load resource: the server responded with a status of 503 () @ https://echo.dawn-tunnel.dev/whatsapp/qr:0
[  483870ms] [ERROR] Failed to load resource: the server responded with a status of 503 () @ https://echo.dawn-tunnel.dev/whatsapp/qr:0
[  486860ms] [ERROR] Failed to load resource: the server responded with a status of 503 () @ https://echo.dawn-tunnel.dev/whatsapp/qr:0
[  489853ms] [ERROR] Failed to load resource: the server responded with a status of 503 () @ https://echo.dawn-tunnel.dev/whatsapp/qr:0
[  492876ms] [ERROR] Failed to load resource: the server responded with a status of 503 () @ https://echo.dawn-tunnel.dev/whatsapp/qr:0
[  496016ms] [ERROR] Failed to load resource: the server responded with a status of 503 () @ https://echo.dawn-tunnel.dev/whatsapp/qr:0
[  498865ms] [ERROR] Failed to load resource: the server responded with a status of 503 () @ https://echo.dawn-tunnel.dev/whatsapp/qr:0
[  501850ms] [ERROR] Failed to load resource: the server responded with a status of 503 () @ https://echo.dawn-tunnel.dev/whatsapp/qr:0
[  504856ms] [ERROR] Failed to load resource: the server responded with a status of 503 () @ https://echo.dawn-tunnel.dev/whatsapp/qr:0
[  507872ms] [ERROR] Failed to load resource: the server responded with a status of 503 () @ https://echo.dawn-tunnel.dev/whatsapp/qr:0
[  510878ms] [ERROR] Failed to load resource: the server responded with a status of 503 () @ https://echo.dawn-tunnel.dev/whatsapp/qr:0
[  513866ms] [ERROR] Failed to load resource: the server responded with a status of 503 () @ https://echo.dawn-tunnel.dev/whatsapp/qr:0
[  516859ms] [ERROR] Failed to load resource: the server responded with a status of 503 () @ https://echo.dawn-tunnel.dev/whatsapp/qr:0
[  519855ms] [ERROR] Failed to load resource: the server responded with a status of 503 () @ https://echo.dawn-tunnel.dev/whatsapp/qr:0
[  522879ms] [ERROR] Failed to load resource: the server responded with a status of 503 () @ https://echo.dawn-tunnel.dev/whatsapp/qr:0
[  525840ms] [ERROR] Failed to load resource: the server responded with a status of 503 () @ https://echo.dawn-tunnel.dev/whatsapp/qr:0
[  528840ms] [ERROR] Failed to load resource: the server responded with a status of 503 () @ https://echo.dawn-tunnel.dev/whatsapp/qr:0
[  531849ms] [ERROR] Failed to load resource: the server responded with a status of 503 () @ https://echo.dawn-tunnel.dev/whatsapp/qr:0
[  534851ms] [ERROR] Failed to load resource: the server responded with a status of 503 () @ https://echo.dawn-tunnel.dev/whatsapp/qr:0
[  537945ms] [ERROR] Failed to load resource: the server responded with a status of 503 () @ https://echo.dawn-tunnel.dev/whatsapp/qr:0
[  540851ms] [ERROR] Failed to load resource: the server responded with a status of 503 () @ https://echo.dawn-tunnel.dev/whatsapp/qr:0
[  543854ms] [ERROR] Failed to load resource: the server responded with a status of 503 () @ https://echo.dawn-tunnel.dev/whatsapp/qr:0
[  546845ms] [ERROR] Failed to load resource: the server responded with a status of 503 () @ https://echo.dawn-tunnel.dev/whatsapp/qr:0
[  549864ms] [ERROR] Failed to load resource: the server responded with a status of 503 () @ https://echo.dawn-tunnel.dev/whatsapp/qr:0
[  552884ms] [ERROR] Failed to load resource: the server responded with a status of 503 () @ https://echo.dawn-tunnel.dev/whatsapp/qr:0
[  555845ms] [ERROR] Failed to load resource: the server responded with a status of 503 () @ https://echo.dawn-tunnel.dev/whatsapp/qr:0
[  558844ms] [ERROR] Failed to load resource: the server responded with a status of 503 () @ https://echo.dawn-tunnel.dev/whatsapp/qr:0
[  561850ms] [ERROR] Failed to load resource: the server responded with a status of 503 () @ https://echo.dawn-tunnel.dev/whatsapp/qr:0
[  564840ms] [ERROR] Failed to load resource: the server responded with a status of 503 () @ https://echo.dawn-tunnel.dev/whatsapp/qr:0
[  567893ms] [ERROR] Failed to load resource: the server responded with a status of 503 () @ https://echo.dawn-tunnel.dev/whatsapp/qr:0
[  570844ms] [ERROR] Failed to load resource: the server responded with a status of 503 () @ https://echo.dawn-tunnel.dev/whatsapp/qr:0
[  573870ms] [ERROR] Failed to load resource: the server responded with a status of 503 () @ https://echo.dawn-tunnel.dev/whatsapp/qr:0
[  576855ms] [ERROR] Failed to load resource: the server responded with a status of 503 () @ https://echo.dawn-tunnel.dev/whatsapp/qr:0
[  579847ms] [ERROR] Failed to load resource: the server responded with a status of 503 () @ https://echo.dawn-tunnel.dev/whatsapp/qr:0
[  582889ms] [ERROR] Failed to load resource: the server responded with a status of 503 () @ https://echo.dawn-tunnel.dev/whatsapp/qr:0
[  585853ms] [ERROR] Failed to load resource: the server responded with a status of 503 () @ https://echo.dawn-tunnel.dev/whatsapp/qr:0
[  588853ms] [ERROR] Failed to load resource: the server responded with a status of 503 () @ https://echo.dawn-tunnel.dev/whatsapp/qr:0
[  591868ms] [ERROR] Failed to load resource: the server responded with a status of 503 () @ https://echo.dawn-tunnel.dev/whatsapp/qr:0
[  594862ms] [ERROR] Failed to load resource: the server responded with a status of 503 () @ https://echo.dawn-tunnel.dev/whatsapp/qr:0
[  597901ms] [ERROR] Failed to load resource: the server responded with a status of 503 () @ https://echo.dawn-tunnel.dev/whatsapp/qr:0
[  600864ms] [ERROR] Failed to load resource: the server responded with a status of 503 () @ https://echo.dawn-tunnel.dev/whatsapp/qr:0
[  603863ms] [ERROR] Failed to load resource: the server responded with a status of 503 () @ https://echo.dawn-tunnel.dev/whatsapp/qr:0
[  606861ms] [ERROR] Failed to load resource: the server responded with a status of 503 () @ https://echo.dawn-tunnel.dev/whatsapp/qr:0
[  609848ms] [ERROR] Failed to load resource: the server responded with a status of 503 () @ https://echo.dawn-tunnel.dev/whatsapp/qr:0
[  612907ms] [ERROR] Failed to load resource: the server responded with a status of 503 () @ https://echo.dawn-tunnel.dev/whatsapp/qr:0
[  615869ms] [ERROR] Failed to load resource: the server responded with a status of 503 () @ https://echo.dawn-tunnel.dev/whatsapp/qr:0
[  618847ms] [ERROR] Failed to load resource: the server responded with a status of 503 () @ https://echo.dawn-tunnel.dev/whatsapp/qr:0
[  621876ms] [ERROR] Failed to load resource: the server responded with a status of 503 () @ https://echo.dawn-tunnel.dev/whatsapp/qr:0
[  624885ms] [ERROR] Failed to load resource: the server responded with a status of 503 () @ https://echo.dawn-tunnel.dev/whatsapp/qr:0
[  627903ms] [ERROR] Failed to load resource: the server responded with a status of 503 () @ https://echo.dawn-tunnel.dev/whatsapp/qr:0
[  630869ms] [ERROR] Failed to load resource: the server responded with a status of 503 () @ https://echo.dawn-tunnel.dev/whatsapp/qr:0
[  633884ms] [ERROR] Failed to load resource: the server responded with a status of 503 () @ https://echo.dawn-tunnel.dev/whatsapp/qr:0
[  636900ms] [ERROR] Failed to load resource: the server responded with a status of 503 () @ https://echo.dawn-tunnel.dev/whatsapp/qr:0
[  639838ms] [ERROR] Failed to load resource: the server responded with a status of 503 () @ https://echo.dawn-tunnel.dev/whatsapp/qr:0
[  642900ms] [ERROR] Failed to load resource: the server responded with a status of 503 () @ https://echo.dawn-tunnel.dev/whatsapp/qr:0
[  645855ms] [ERROR] Failed to load resource: the server responded with a status of 503 () @ https://echo.dawn-tunnel.dev/whatsapp/qr:0
[  648875ms] [ERROR] Failed to load resource: the server responded with a status of 503 () @ https://echo.dawn-tunnel.dev/whatsapp/qr:0
[  651888ms] [ERROR] Failed to load resource: the server responded with a status of 503 () @ https://echo.dawn-tunnel.dev/whatsapp/qr:0
[  654904ms] [ERROR] Failed to load resource: the server responded with a status of 503 () @ https://echo.dawn-tunnel.dev/whatsapp/qr:0
[  657915ms] [ERROR] Failed to load resource: the server responded with a status of 503 () @ https://echo.dawn-tunnel.dev/whatsapp/qr:0
[  660865ms] [ERROR] Failed to load resource: the server responded with a status of 503 () @ https://echo.dawn-tunnel.dev/whatsapp/qr:0
[  663862ms] [ERROR] Failed to load resource: the server responded with a status of 503 () @ https://echo.dawn-tunnel.dev/whatsapp/qr:0
[  666846ms] [ERROR] Failed to load resource: the server responded with a status of 503 () @ https://echo.dawn-tunnel.dev/whatsapp/qr:0
[  669878ms] [ERROR] Failed to load resource: the server responded with a status of 503 () @ https://echo.dawn-tunnel.dev/whatsapp/qr:0
[  673156ms] [ERROR] Failed to load resource: the server responded with a status of 503 () @ https://echo.dawn-tunnel.dev/whatsapp/qr:0
[  675929ms] [ERROR] Failed to load resource: the server responded with a status of 503 () @ https://echo.dawn-tunnel.dev/whatsapp/qr:0
[  678912ms] [ERROR] Failed to load resource: the server responded with a status of 503 () @ https://echo.dawn-tunnel.dev/whatsapp/qr:0
[  681904ms] [ERROR] Failed to load resource: the server responded with a status of 503 () @ https://echo.dawn-tunnel.dev/whatsapp/qr:0
[  684884ms] [ERROR] Failed to load resource: the server responded with a status of 503 () @ https://echo.dawn-tunnel.dev/whatsapp/qr:0
[  687948ms] [ERROR] Failed to load resource: the server responded with a status of 503 () @ https://echo.dawn-tunnel.dev/whatsapp/qr:0
[  690931ms] [ERROR] Failed to load resource: the server responded with a status of 503 () @ https://echo.dawn-tunnel.dev/whatsapp/qr:0
[  693857ms] [ERROR] Failed to load resource: the server responded with a status of 503 () @ https://echo.dawn-tunnel.dev/whatsapp/qr:0
[  697059ms] [ERROR] Failed to load resource: the server responded with a status of 503 () @ https://echo.dawn-tunnel.dev/whatsapp/qr:0
[  699967ms] [ERROR] Failed to load resource: the server responded with a status of 503 () @ https://echo.dawn-tunnel.dev/whatsapp/qr:0
[  702890ms] [ERROR] Failed to load resource: the server responded with a status of 503 () @ https://echo.dawn-tunnel.dev/whatsapp/qr:0
[  706051ms] [ERROR] Failed to load resource: the server responded with a status of 503 () @ https://echo.dawn-tunnel.dev/whatsapp/qr:0
[  708943ms] [ERROR] Failed to load resource: the server responded with a status of 503 () @ https://echo.dawn-tunnel.dev/whatsapp/qr:0
[  711872ms] [ERROR] Failed to load resource: the server responded with a status of 503 () @ https://echo.dawn-tunnel.dev/whatsapp/qr:0
[  714888ms] [ERROR] Failed to load resource: the server responded with a status of 503 () @ https://echo.dawn-tunnel.dev/whatsapp/qr:0
[  717887ms] [ERROR] Failed to load resource: the server responded with a status of 503 () @ https://echo.dawn-tunnel.dev/whatsapp/qr:0
[  720914ms] [ERROR] Failed to load resource: the server responded with a status of 503 () @ https://echo.dawn-tunnel.dev/whatsapp/qr:0
[  723890ms] [ERROR] Failed to load resource: the server responded with a status of 503 () @ https://echo.dawn-tunnel.dev/whatsapp/qr:0
[  726856ms] [ERROR] Failed to load resource: the server responded with a status of 503 () @ https://echo.dawn-tunnel.dev/whatsapp/qr:0
[  729877ms] [ERROR] Failed to load resource: the server responded with a status of 503 () @ https://echo.dawn-tunnel.dev/whatsapp/qr:0
[  732887ms] [ERROR] Failed to load resource: the server responded with a status of 503 () @ https://echo.dawn-tunnel.dev/whatsapp/qr:0
[  735906ms] [ERROR] Failed to load resource: the server responded with a status of 503 () @ https://echo.dawn-tunnel.dev/whatsapp/qr:0
[  738873ms] [ERROR] Failed to load resource: the server responded with a status of 503 () @ https://echo.dawn-tunnel.dev/whatsapp/qr:0
[  741888ms] [ERROR] Failed to load resource: the server responded with a status of 503 () @ https://echo.dawn-tunnel.dev/whatsapp/qr:0
[  744851ms] [ERROR] Failed to load resource: the server responded with a status of 503 () @ https://echo.dawn-tunnel.dev/whatsapp/qr:0
[  747874ms] [ERROR] Failed to load resource: the server responded with a status of 503 () @ https://echo.dawn-tunnel.dev/whatsapp/qr:0
[  750853ms] [ERROR] Failed to load resource: the server responded with a status of 503 () @ https://echo.dawn-tunnel.dev/whatsapp/qr:0
[  753873ms] [ERROR] Failed to load resource: the server responded with a status of 503 () @ https://echo.dawn-tunnel.dev/whatsapp/qr:0
[  756868ms] [ERROR] Failed to load resource: the server responded with a status of 503 () @ https://echo.dawn-tunnel.dev/whatsapp/qr:0
[  759874ms] [ERROR] Failed to load resource: the server responded with a status of 503 () @ https://echo.dawn-tunnel.dev/whatsapp/qr:0
[  762888ms] [ERROR] Failed to load resource: the server responded with a status of 503 () @ https://echo.dawn-tunnel.dev/whatsapp/qr:0
[  765881ms] [ERROR] Failed to load resource: the server responded with a status of 503 () @ https://echo.dawn-tunnel.dev/whatsapp/qr:0
[  768854ms] [ERROR] Failed to load resource: the server responded with a status of 503 () @ https://echo.dawn-tunnel.dev/whatsapp/qr:0
[  771873ms] [ERROR] Failed to load resource: the server responded with a status of 503 () @ https://echo.dawn-tunnel.dev/whatsapp/qr:0
[  774872ms] [ERROR] Failed to load resource: the server responded with a status of 503 () @ https://echo.dawn-tunnel.dev/whatsapp/qr:0
[  777851ms] [ERROR] Failed to load resource: the server responded with a status of 503 () @ https://echo.dawn-tunnel.dev/whatsapp/qr:0
[  780893ms] [ERROR] Failed to load resource: the server responded with a status of 503 () @ https://echo.dawn-tunnel.dev/whatsapp/qr:0
[  783881ms] [ERROR] Failed to load resource: the server responded with a status of 503 () @ https://echo.dawn-tunnel.dev/whatsapp/qr:0
[  786849ms] [ERROR] Failed to load resource: the server responded with a status of 503 () @ https://echo.dawn-tunnel.dev/whatsapp/qr:0
[  789902ms] [ERROR] Failed to load resource: the server responded with a status of 503 () @ https://echo.dawn-tunnel.dev/whatsapp/qr:0
[  792878ms] [ERROR] Failed to load resource: the server responded with a status of 503 () @ https://echo.dawn-tunnel.dev/whatsapp/qr:0
[  795854ms] [ERROR] Failed to load resource: the server responded with a status of 503 () @ https://echo.dawn-tunnel.dev/whatsapp/qr:0
[  798851ms] [ERROR] Failed to load resource: the server responded with a status of 503 () @ https://echo.dawn-tunnel.dev/whatsapp/qr:0
[  801865ms] [ERROR] Failed to load resource: the server responded with a status of 503 () @ https://echo.dawn-tunnel.dev/whatsapp/qr:0
[  804857ms] [ERROR] Failed to load resource: the server responded with a status of 503 () @ https://echo.dawn-tunnel.dev/whatsapp/qr:0
[  807865ms] [ERROR] Failed to load resource: the server responded with a status of 503 () @ https://echo.dawn-tunnel.dev/whatsapp/qr:0
[  810853ms] [ERROR] Failed to load resource: the server responded with a status of 503 () @ https://echo.dawn-tunnel.dev/whatsapp/qr:0
[  813853ms] [ERROR] Failed to load resource: the server responded with a status of 503 () @ https://echo.dawn-tunnel.dev/whatsapp/qr:0
[  816855ms] [ERROR] Failed to load resource: the server responded with a status of 503 () @ https://echo.dawn-tunnel.dev/whatsapp/qr:0
[  819895ms] [ERROR] Failed to load resource: the server responded with a status of 503 () @ https://echo.dawn-tunnel.dev/whatsapp/qr:0
[  822846ms] [ERROR] Failed to load resource: the server responded with a status of 503 () @ https://echo.dawn-tunnel.dev/whatsapp/qr:0
[  825864ms] [ERROR] Failed to load resource: the server responded with a status of 503 () @ https://echo.dawn-tunnel.dev/whatsapp/qr:0
[  828857ms] [ERROR] Failed to load resource: the server responded with a status of 503 () @ https://echo.dawn-tunnel.dev/whatsapp/qr:0
[  831854ms] [ERROR] Failed to load resource: the server responded with a status of 503 () @ https://echo.dawn-tunnel.dev/whatsapp/qr:0
[  834853ms] [ERROR] Failed to load resource: the server responded with a status of 503 () @ https://echo.dawn-tunnel.dev/whatsapp/qr:0
[  837872ms] [ERROR] Failed to load resource: the server responded with a status of 503 () @ https://echo.dawn-tunnel.dev/whatsapp/qr:0
[  840854ms] [ERROR] Failed to load resource: the server responded with a status of 503 () @ https://echo.dawn-tunnel.dev/whatsapp/qr:0
[  843855ms] [ERROR] Failed to load resource: the server responded with a status of 503 () @ https://echo.dawn-tunnel.dev/whatsapp/qr:0
[  846869ms] [ERROR] Failed to load resource: the server responded with a status of 503 () @ https://echo.dawn-tunnel.dev/whatsapp/qr:0
[  849856ms] [ERROR] Failed to load resource: the server responded with a status of 503 () @ https://echo.dawn-tunnel.dev/whatsapp/qr:0
[  852880ms] [ERROR] Failed to load resource: the server responded with a status of 503 () @ https://echo.dawn-tunnel.dev/whatsapp/qr:0
[  855884ms] [ERROR] Failed to load resource: the server responded with a status of 503 () @ https://echo.dawn-tunnel.dev/whatsapp/qr:0
[  858863ms] [ERROR] Failed to load resource: the server responded with a status of 503 () @ https://echo.dawn-tunnel.dev/whatsapp/qr:0
[  861894ms] [ERROR] Failed to load resource: the server responded with a status of 503 () @ https://echo.dawn-tunnel.dev/whatsapp/qr:0
[  864874ms] [ERROR] Failed to load resource: the server responded with a status of 503 () @ https://echo.dawn-tunnel.dev/whatsapp/qr:0
[  867869ms] [ERROR] Failed to load resource: the server responded with a status of 503 () @ https://echo.dawn-tunnel.dev/whatsapp/qr:0
[  870876ms] [ERROR] Failed to load resource: the server responded with a status of 503 () @ https://echo.dawn-tunnel.dev/whatsapp/qr:0
[  873973ms] [ERROR] Failed to load resource: the server responded with a status of 503 () @ https://echo.dawn-tunnel.dev/whatsapp/qr:0
[  876881ms] [ERROR] Failed to load resource: the server responded with a status of 503 () @ https://echo.dawn-tunnel.dev/whatsapp/qr:0
[  879887ms] [ERROR] Failed to load resource: the server responded with a status of 503 () @ https://echo.dawn-tunnel.dev/whatsapp/qr:0
[  882864ms] [ERROR] Failed to load resource: the server responded with a status of 503 () @ https://echo.dawn-tunnel.dev/whatsapp/qr:0
[  885877ms] [ERROR] Failed to load resource: the server responded with a status of 503 () @ https://echo.dawn-tunnel.dev/whatsapp/qr:0
[  888869ms] [ERROR] Failed to load resource: the server responded with a status of 503 () @ https://echo.dawn-tunnel.dev/whatsapp/qr:0
[  891884ms] [ERROR] Failed to load resource: the server responded with a status of 503 () @ https://echo.dawn-tunnel.dev/whatsapp/qr:0
[  894881ms] [ERROR] Failed to load resource: the server responded with a status of 503 () @ https://echo.dawn-tunnel.dev/whatsapp/qr:0
[  897869ms] [ERROR] Failed to load resource: the server responded with a status of 503 () @ https://echo.dawn-tunnel.dev/whatsapp/qr:0
